
> eeat-studio-v2@2.0.0 dev
> vite


  [32m[1mVITE[22m v6.4.3[39m  [2mready in [0m[1m1335[22m[2m[0m ms[22m

  [32m➜[39m  [1mLocal[22m:   [36mhttp://localhost:[1m5173[22m/[39m
[2m  [32m➜[39m  [1mNetwork[22m[2m: use [22m[1m--host[22m[2m to expose[22m
[2m[32m  ➜[39m[22m[2m  press [22m[1mh + enter[22m[2m to show help[22m
[2m22:35:04[22m [36m[1m[vite][22m[39m [90m[2m(client)[22m[39m [32mhmr update [39m[2m/client/src/index.css, /@fs/D:\AEO\SEO V2\client\src\components\dashboard\Home.tsx, /@fs/D:\AEO\SEO V2\client\src\pages\Login.tsx, /@fs/D:\AEO\SEO V2\client\src\components\dashboard\MainDashboard.tsx[22m
[2m22:41:10[22m [36m[1m[vite][22m[39m [90m[2m(client)[22m[39m [32mpage reload [39m[2mserver/routers/projects.ts[22m
[2m22:41:19[22m [36m[1m[vite][22m[39m [90m[2m(client)[22m[39m [32mpage reload [39m[2mserver/index.ts[22m
[2m22:41:28[22m [36m[1m[vite][22m[39m [90m[2m(client)[22m[39m [32mpage reload [39m[2mserver/index.ts[22m
[2m22:41:45[22m [36m[1m[vite][22m[39m [90m[2m(client)[22m[39m [32mpage reload [39m[2mserver/index.ts[22m
[2m22:42:56[22m [36m[1m[vite][22m[39m [90m[2m(client)[22m[39m [32mpage reload [39m[2mserver/routers/categories.ts[22m
[2m22:43:07[22m [36m[1m[vite][22m[39m [90m[2m(client)[22m[39m [32mpage reload [39m[2mserver/routers/categories.ts[22m
[2m22:53:23[22m [36m[1m[vite][22m[39m [90m[2m(client)[22m[39m [32mpage reload [39m[2mserver/routers/categories.ts[22m
[2m22:53:50[22m [36m[1m[vite][22m[39m [90m[2m(client)[22m[39m [32mpage reload [39m[2mserver/routers/projects.ts[22m
[2m22:54:08[22m [36m[1m[vite][22m[39m [90m[2m(client)[22m[39m [32mpage reload [39m[2mserver/routers/projects.ts[22m
[2m22:55:15[22m [36m[1m[vite][22m[39m [90m[2m(client)[22m[39m [32mpage reload [39m[2mserver/routers/projects.ts[22m
[2m23:28:18[22m [36m[1m[vite][22m[39m [90m[2m(client)[22m[39m [32mhmr update [39m[2m/client/src/index.css, /@fs/D:\AEO\SEO V2\client\src\components\dashboard\MainDashboard.tsx[22m
[2m23:28:19[22m [36m[1m[vite][22m[39m [90m[2m(client)[22m[39m [32mpage reload [39m[2mclient/src/components/seo/KeywordHighlightViewer.tsx[22m
[2m23:28:19[22m [36m[1m[vite][22m[39m [90m[2m(client)[22m[39m [32mpage reload [39m[2mclient/src/components/seo/KeywordArticleGenerator.tsx[22m
[2m23:28:19[22m [36m[1m[vite][22m[39m [90m[2m(client)[22m[39m [32mhmr update [39m[2m/@fs/D:\AEO\SEO V2\client\src\components\seo\LinkMapTab.tsx, /client/src/index.css[22m
[2m23:28:19[22m [36m[1m[vite][22m[39m [90m[2m(client)[22m[39m [32mpage reload [39m[2mclient/src/components/seo/KeywordDensityAnalyzer.tsx[22m
[2m23:28:19[22m [36m[1m[vite][22m[39m [90m[2m(client)[22m[39m [32mpage reload [39m[2mclient/src/components/seo/KeywordWorkflow.tsx[22m
[2m23:28:19[22m [36m[1m[vite][22m[39m [90m[2m(client)[22m[39m [32mhmr update [39m[2m/client/src/index.css, /client/src/App.tsx[22m
[2m23:28:19[22m [36m[1m[vite][22m[39m [90m[2m(client)[22m[39m [32mhmr update [39m[2m/client/src/index.css, /client/src/App.tsx[22m
[2m23:28:19[22m [36m[1m[vite][22m[39m [90m[2m(client)[22m[39m [32mpage reload [39m[2mclient/src/components/seo/AdvancedSEOPanel.tsx[22m
[2m23:28:19[22m [36m[1m[vite][22m[39m [90m[2m(client)[22m[39m [32mhmr update [39m[2m/client/src/index.css, /client/src/App.tsx[22m
[2m23:28:19[22m [36m[1m[vite][22m[39m [90m[2m(client)[22m[39m [32mpage reload [39m[2mclient/src/components/seo/MainKeywordOccurrenceManager.tsx[22m
[2m23:28:19[22m [36m[1m[vite][22m[39m [90m[2m(client)[22m[39m [32mhmr update [39m[2m/@fs/D:\AEO\SEO V2\client\src\components\seo\TopicalMapGenerator.tsx, /client/src/index.css[22m
[2m23:28:19[22m [36m[1m[vite][22m[39m [90m[2m(client)[22m[39m [32mpage reload [39m[2mclient/src/components/seo/HolisticSEOPanel.tsx[22m
[2m23:28:19[22m [36m[1m[vite][22m[39m [90m[2m(client)[22m[39m [32mhmr update [39m[2m/client/src/index.css, /client/src/App.tsx[22m
[2m23:28:19[22m [36m[1m[vite][22m[39m [90m[2m(client)[22m[39m [32mhmr update [39m[2m/client/src/index.css, /client/src/App.tsx[22m
[2m23:28:19[22m [36m[1m[vite][22m[39m [90m[2m(client)[22m[39m [32mhmr update [39m[2m/client/src/index.css, /client/src/App.tsx[22m
[2m23:28:19[22m [36m[1m[vite][22m[39m [90m[2m(client)[22m[39m [32mhmr update [39m[2m/@fs/D:\AEO\SEO V2\client\src\components\seo\KeywordClusterPlanner.tsx, /client/src/index.css[22m
[2m23:28:19[22m [36m[1m[vite][22m[39m [90m[2m(client)[22m[39m [32mpage reload [39m[2mclient/src/components/seo/RelatedKeywordsSuggestor.tsx[22m
[2m23:28:19[22m [36m[1m[vite][22m[39m [90m[2m(client)[22m[39m [32mpage reload [39m[2mclient/src/components/seo/ArticleDiffModal.tsx[22m
[2m23:28:19[22m [36m[1m[vite][22m[39m [90m[2m(client)[22m[39m [32mhmr update [39m[2m/@fs/D:\AEO\SEO V2\client\src\components\seo\KeywordClusterTree.tsx, /client/src/index.css[22m
[2m23:28:19[22m [36m[1m[vite][22m[39m [90m[2m(client)[22m[39m [32mpage reload [39m[2mclient/src/components/seo/AEOFixPanel.tsx[22m
[2m23:28:19[22m [36m[1m[vite][22m[39m [90m[2m(client)[22m[39m [32mpage reload [39m[2mclient/src/components/seo/SEOAnalysisPanel.tsx[22m
[2m23:28:22[22m [36m[1m[vite][22m[39m [90m[2m(client)[22m[39m [32mhmr update [39m[2m/client/src/index.css, /client/src/App.tsx[22m
[2m23:28:22[22m [36m[1m[vite][22m[39m [90m[2m(client)[22m[39m [32mhmr update [39m[2m/client/src/index.css, /client/src/App.tsx[22m
[2m23:28:22[22m [36m[1m[vite][22m[39m [90m[2m(client)[22m[39m [32mhmr update [39m[2m/client/src/index.css, /client/src/App.tsx[22m
[2m23:28:22[22m [36m[1m[vite][22m[39m [90m[2m(client)[22m[39m [32mpage reload [39m[2mclient/src/components/content/ContentRepurposingComposer.tsx[22m
[2m23:28:22[22m [36m[1m[vite][22m[39m [90m[2m(client)[22m[39m [32mhmr update [39m[2m/client/src/index.css, /client/src/App.tsx[22m
[2m23:28:22[22m [36m[1m[vite][22m[39m [90m[2m(client)[22m[39m [32mhmr update [39m[2m/client/src/index.css, /client/src/App.tsx[22m
[2m23:28:22[22m [36m[1m[vite][22m[39m [90m[2m(client)[22m[39m [32mhmr update [39m[2m/client/src/index.css, /client/src/App.tsx[22m
[2m23:28:23[22m [36m[1m[vite][22m[39m [90m[2m(client)[22m[39m [32mhmr update [39m[2m/client/src/index.css, /client/src/App.tsx[22m
[2m23:28:23[22m [36m[1m[vite][22m[39m [90m[2m(client)[22m[39m [32mpage reload [39m[2mclient/src/components/articles/ArticleView.tsx[22m
[2m23:28:23[22m [36m[1m[vite][22m[39m [90m[2m(client)[22m[39m [32mpage reload [39m[2mclient/src/components/articles/Editor.tsx[22m
[2m23:28:23[22m [36m[1m[vite][22m[39m [90m[2m(client)[22m[39m [32mhmr update [39m[2m/@fs/D:\AEO\SEO V2\client\src\components\articles\WriteArticle.tsx[22m
[2m23:28:23[22m [36m[1m[vite][22m[39m [90m[2m(client)[22m[39m [32mhmr update [39m[2m/client/src/index.css, /client/src/App.tsx[22m
[2m23:28:23[22m [36m[1m[vite][22m[39m [90m[2m(client)[22m[39m [32mhmr update [39m[2m/client/src/index.css, /client/src/App.tsx[22m
[2m23:28:25[22m [36m[1m[vite][22m[39m [90m[2m(client)[22m[39m [32mpage reload [39m[2mclient/src/components/dashboard/Statistics.tsx[22m
[2m23:28:25[22m [36m[1m[vite][22m[39m [90m[2m(client)[22m[39m [32mpage reload [39m[2mclient/src/components/dashboard/WorkflowProgress.tsx[22m
[2m23:28:25[22m [36m[1m[vite][22m[39m [90m[2m(client)[22m[39m [32mpage reload [39m[2mclient/src/components/dashboard/DashboardLayoutSkeleton.tsx[22m
[2m23:28:25[22m [36m[1m[vite][22m[39m [90m[2m(client)[22m[39m [32mpage reload [39m[2mclient/src/components/dashboard/SystemOverview.tsx[22m
[2m23:28:25[22m [36m[1m[vite][22m[39m [90m[2m(client)[22m[39m [32mhmr update [39m[2m/client/src/index.css, /client/src/App.tsx[22m
[2m23:28:25[22m [36m[1m[vite][22m[39m [90m[2m(client)[22m[39m [32mpage reload [39m[2mclient/src/components/dashboard/ui/button.tsx[22m
[2m23:28:25[22m [36m[1m[vite][22m[39m [90m[2m(client)[22m[39m [32mhmr update [39m[2m/@fs/D:\AEO\SEO V2\client\src\components\dashboard\Dashboard.tsx, /client/src/index.css[22m
[2m23:28:25[22m [36m[1m[vite][22m[39m [90m[2m(client)[22m[39m [32mhmr update [39m[2m/@fs/D:\AEO\SEO V2\client\src\components\dashboard\Home.tsx, /client/src/index.css[22m
[2m23:28:26[22m [36m[1m[vite][22m[39m [90m[2m(client)[22m[39m [32mpage reload [39m[2mclient/src/components/dashboard/DashboardLayout.tsx[22m
[2m23:28:26[22m [36m[1m[vite][22m[39m [90m[2m(client)[22m[39m [32mhmr update [39m[2m/@fs/D:\AEO\SEO V2\client\src\components\dashboard\ActiveProjectBanner.tsx, /client/src/index.css[22m
[2m23:28:27[22m [36m[1m[vite][22m[39m [90m[2m(client)[22m[39m [32mpage reload [39m[2mclient/src/components/project/NotificationHistoryPanel.tsx[22m
[2m23:28:27[22m [36m[1m[vite][22m[39m [90m[2m(client)[22m[39m [32mpage reload [39m[2mclient/src/components/project/SharedKeywordClusters.tsx[22m
[2m23:28:27[22m [36m[1m[vite][22m[39m [90m[2m(client)[22m[39m [32mpage reload [39m[2mclient/src/components/project/NotFound.tsx[22m
[2m23:28:27[22m [36m[1m[vite][22m[39m [90m[2m(client)[22m[39m [32mpage reload [39m[2mclient/src/components/project/ManusDialog.tsx[22m
[2m23:28:27[22m [36m[1m[vite][22m[39m [90m[2m(client)[22m[39m [32mpage reload [39m[2mclient/src/components/project/CacheManagement.tsx[22m
[2m23:28:27[22m [36m[1m[vite][22m[39m [90m[2m(client)[22m[39m [32mhmr update [39m[2m/client/src/components/project/ThemeContext.tsx, /client/src/index.css[22m
[2m23:28:27[22m [36m[1m[vite][22m[39m [90m[2m(client)[22m[39m [32mpage reload [39m[2mclient/src/components/project/PublicFootballScoreboard.tsx[22m
[2m23:28:27[22m [36m[1m[vite][22m[39m [90m[2m(client)[22m[39m [32mpage reload [39m[2mclient/src/components/project/SharedArticles.tsx[22m
[2m23:28:41[22m [36m[1m[vite][22m[39m [90m[2m(client)[22m[39m [32mhmr update [39m[2m/client/src/index.css, /@fs/D:\AEO\SEO V2\client\src\components\project\ProjectManager.tsx[22m
[2m23:28:41[22m [36m[1m[vite][22m[39m [90m[2m(client)[22m[39m [32mpage reload [39m[2mclient/src/components/AppShell.tsx[22m
[2m23:28:41[22m [36m[1m[vite][22m[39m [90m[2m(client)[22m[39m [32mpage reload [39m[2mclient/src/components/WithTeamPermission.tsx[22m
[2m23:28:42[22m [36m[1m[vite][22m[39m [90m[2m(client)[22m[39m [32mpage reload [39m[2mclient/src/components/SEOAnalysisPanel.tsx[22m
[2m23:28:42[22m [36m[1m[vite][22m[39m [90m[2m(client)[22m[39m [32mpage reload [39m[2mclient/src/components/WorkflowProgress.tsx[22m
[2m23:28:42[22m [36m[1m[vite][22m[39m [90m[2m(client)[22m[39m [32mpage reload [39m[2mclient/src/components/ShareDialog.tsx[22m
[2m23:28:42[22m [36m[1m[vite][22m[39m [90m[2m(client)[22m[39m [32mhmr update [39m[2m/client/src/index.css, /@fs/D:\AEO\SEO V2\client\src\components\project\ProjectManager.tsx[22m
[2m23:28:43[22m [36m[1m[vite][22m[39m [90m[2m(client)[22m[39m [32mpage reload [39m[2mclient/src/components/KeywordClusterTree.tsx[22m
[2m23:28:43[22m [36m[1m[vite][22m[39m [90m[2m(client)[22m[39m [32mhmr update [39m[2m/@fs/D:\AEO\SEO V2\client\src\components\NotificationHistoryPanel.tsx[22m
[2m23:28:43[22m [36m[1m[vite][22m[39m [90m[2m(client)[22m[39m [32mhmr update [39m[2m/@fs/D:\AEO\SEO V2\client\src\components\project\ProjectManager.tsx, /client/src/index.css[22m
[2m23:28:43[22m [36m[1m[vite][22m[39m [90m[2m(client)[22m[39m [32mpage reload [39m[2mclient/src/components/DeleteConfirmDialog.tsx[22m
[2m23:28:43[22m [36m[1m[vite][22m[39m [90m[2m(client)[22m[39m [32mhmr update [39m[2m/@fs/D:\AEO\SEO V2\client\src\components\ArticleActivityFeed.tsx, /client/src/index.css[22m
[2m23:28:43[22m [36m[1m[vite][22m[39m [90m[2m(client)[22m[39m [32mhmr update [39m[2m/@fs/D:\AEO\SEO V2\client\src\components\ArticleComparison.tsx, /client/src/index.css[22m
[2m23:28:43[22m [36m[1m[vite][22m[39m [90m[2m(client)[22m[39m [32mpage reload [39m[2mclient/src/components/KeywordWorkflow.tsx[22m
[2m23:28:43[22m [36m[1m[vite][22m[39m [90m[2m(client)[22m[39m [32mhmr update [39m[2m/@fs/D:\AEO\SEO V2\client\src\components\ArticleImprovementRecommendations.tsx, /client/src/index.css[22m
[2m23:28:46[22m [36m[1m[vite][22m[39m [90m[2m(client)[22m[39m [32mpage reload [39m[2mclient/src/pages/Projects.tsx[22m
[2m23:28:48[22m [36m[1m[vite][22m[39m [90m[2m(client)[22m[39m [32mhmr update [39m[2m/client/src/App.tsx, /client/src/index.css[22m
[2m23:28:48[22m [36m[1m[vite][22m[39m [90m[2m(client)[22m[39m [32mpage reload [39m[2mclient/src/pages/ClusterTree.tsx[22m
[2m23:28:48[22m [36m[1m[vite][22m[39m [90m[2m(client)[22m[39m [32mhmr update [39m[2m/client/src/index.css, /client/src/App.tsx[22m
[2m23:28:48[22m [36m[1m[vite][22m[39m [90m[2m(client)[22m[39m [32mpage reload [39m[2mclient/src/pages/WriteArticle.tsx[22m
[2m23:28:49[22m [36m[1m[vite][22m[39m [90m[2m(client)[22m[39m [32mhmr update [39m[2m/@fs/D:\AEO\SEO V2\client\src\components\project\ProjectManager.tsx, /client/src/index.css, /@fs/D:\AEO\SEO V2\client\src\components\project\ProjectTreeDiagram.tsx, /@fs/D:\AEO\SEO V2\client\src\components\project\ShareDialog.tsx[22m
[2m23:28:51[22m [36m[1m[vite][22m[39m [90m[2m(client)[22m[39m [32mpage reload [39m[2mclient/src/node_modules_hack_stub.js[22m
[2m23:28:51[22m [36m[1m[vite][22m[39m [90m[2m(client)[22m[39m [32mpage reload [39m[2mclient/src/utils/uiBadges.ts[22m
[2m23:28:51[22m [36m[1m[vite][22m[39m [90m[2m(client)[22m[39m [32mhmr update [39m[2m/@fs/D:\AEO\SEO V2\client\src\pages\Login.tsx, /client/src/index.css[22m
[2m23:28:51[22m [36m[1m[vite][22m[39m [90m[2m(client)[22m[39m [32mpage reload [39m[2mclient/src/lib/articleAnalytics.ts[22m
[2m23:28:51[22m [36m[1m[vite][22m[39m [90m[2m(client)[22m[39m [32mpage reload [39m[2mclient/src/lib/advancedSeo.ts[22m
[2m23:28:51[22m [36m[1m[vite][22m[39m [90m[2m(client)[22m[39m [32mpage reload [39m[2mclient/src/lib/aeoContentTransforms.ts[22m
[2m23:28:51[22m [36m[1m[vite][22m[39m [90m[2m(client)[22m[39m [32mpage reload [39m[2mclient/src/lib/articleActivity.ts[22m
[2m23:28:51[22m [36m[1m[vite][22m[39m [90m[2m(client)[22m[39m [32mpage reload [39m[2mclient/src/lib/boldKeywords.ts[22m
[2m23:28:51[22m [36m[1m[vite][22m[39m [90m[2m(client)[22m[39m [32mpage reload [39m[2mclient/src/lib/calcAEOScore.ts[22m
[2m23:28:51[22m [36m[1m[vite][22m[39m [90m[2m(client)[22m[39m [32mhmr update [39m[2m/client/src/index.css, /@fs/D:\AEO\SEO V2\client\src\components\project\ProjectManager.tsx[22m
[2m23:28:51[22m [36m[1m[vite][22m[39m [90m[2m(client)[22m[39m [32mpage reload [39m[2mclient/src/lib/holisticSeo.ts[22m
[2m23:28:51[22m [36m[1m[vite][22m[39m [90m[2m(client)[22m[39m [32mpage reload [39m[2mclient/src/lib/keywordStandards.ts[22m
[2m23:28:51[22m [36m[1m[vite][22m[39m [90m[2m(client)[22m[39m [32mpage reload [39m[2mclient/src/lib/seoAnalysis.ts[22m
[2m23:28:51[22m [36m[1m[vite][22m[39m [90m[2m(client)[22m[39m [32mpage reload [39m[2mclient/src/lib/thaiExactMatch.ts[22m
[2m23:29:33[22m [36m[1m[vite][22m[39m [90m[2m(client)[22m[39m [32mpage reload [39m[2mserver/routers/projects.ts[22m
[2m23:29:53[22m [36m[1m[vite][22m[39m [90m[2m(client)[22m[39m [32mpage reload [39m[2mclient/src/pages/NotFound.tsx[22m
[2m23:30:02[22m [36m[1m[vite][22m[39m [90m[2m(client)[22m[39m [32mpage reload [39m[2mclient/src/App.tsx[22m
[2m23:30:28[22m [36m[1m[vite][22m[39m [90m[2m(client)[22m[39m [32mhmr update [39m[2m/client/src/index.css, /client/src/App.tsx[22m
[2m23:30:50[22m [36m[1m[vite][22m[39m [90m[2m(client)[22m[39m [32mpage reload [39m[2mclient/src/hooks/useTeamAccess.ts[22m
[2m23:30:50[22m [36m[1m[vite][22m[39m [90m[2m(client)[22m[39m [32mhmr update [39m[2m/client/src/index.css, /@fs/D:\AEO\SEO V2\client\src\components\project\ProjectTreeDiagram.tsx[22m
[2m23:30:50[22m [36m[1m[vite][22m[39m [90m[2m(client)[22m[39m [32mpage reload [39m[2mclient/src/lib/streamdown.ts[22m
[2m23:30:50[22m [36m[1m[vite][22m[39m [90m[2m(client)[22m[39m [32mpage reload [39m[2mclient/src/hooks/useMobile.ts[22m
[2m23:31:56[22m [36m[1m[vite][22m[39m [90m[2m(client)[22m[39m [32mhmr update [39m[2m/client/src/index.css, /client/src/App.tsx[22m
[2m23:32:47[22m [36m[1m[vite][22m[39m [90m[2m(client)[22m[39m [32mhmr update [39m[2m/client/src/index.css, /@fs/D:\AEO\SEO V2\client\src\pages\Login.tsx[22m
[2m23:42:09[22m [36m[1m[vite][22m[39m [90m[2m(client)[22m[39m [32mpage reload [39m[2mclient/src/components/project/TeamManagement.tsx[22m
[2m23:42:10[22m [36m[1m[vite][22m[39m [90m[2m(client)[22m[39m [32mhmr update [39m[2m/@fs/D:\AEO\SEO V2\client\src\components\project\ProjectManager.tsx, /client/src/index.css[22m
[2m23:42:10[22m [36m[1m[vite][22m[39m [90m[2m(client)[22m[39m [32mhmr update [39m[2m/@fs/D:\AEO\SEO V2\client\src\components\project\ShareDialog.tsx, /client/src/index.css[22m
[2m23:42:10[22m [36m[1m[vite][22m[39m [90m[2m(client)[22m[39m [32mhmr update [39m[2m/@fs/D:\AEO\SEO V2\client\src\components\project\ProjectTreeDiagram.tsx, /client/src/index.css[22m
[2m23:42:10[22m [36m[1m[vite][22m[39m [90m[2m(client)[22m[39m [32mpage reload [39m[2mclient/src/components/project/ManageMembers.tsx[22m
[2m23:42:10[22m [36m[1m[vite][22m[39m [90m[2m(client)[22m[39m [32mpage reload [39m[2mclient/src/components/project/DeleteConfirmDialog.tsx[22m
[2m23:45:47[22m [36m[1m[vite][22m[39m [90m[2m(client)[22m[39m [32mhmr update [39m[2m/client/src/App.tsx, /client/src/index.css[22m
[2m23:48:21[22m [36m[1m[vite][22m[39m [90m[2m(client)[22m[39m [32mhmr update [39m[2m/@fs/D:\AEO\SEO V2\client\src\layouts\MainDashboardShell.tsx, /client/src/index.css[22m
[2m23:48:36[22m [36m[1m[vite][22m[39m [90m[2m(client)[22m[39m [32mhmr update [39m[2m/@fs/D:\AEO\SEO V2\client\src\layouts\MainDashboardShell.tsx, /client/src/index.css[22m
[2m23:48:50[22m [36m[1m[vite][22m[39m [90m[2m(client)[22m[39m [32mpage reload [39m[2mtests/phase1_static_ui.test.mjs[22m
[2m23:49:03[22m [36m[1m[vite][22m[39m [90m[2m(client)[22m[39m [32mpage reload [39m[2mtests/phase1_static_ui.test.mjs[22m
[2m23:49:15[22m [36m[1m[vite][22m[39m [90m[2m(client)[22m[39m [32mpage reload [39m[2mtests/phase1_static_ui.test.mjs[22m
[2m23:49:25[22m [36m[1m[vite][22m[39m [90m[2m(client)[22m[39m [32mpage reload [39m[2mtests/phase1_static_ui.test.mjs[22m
[2m23:50:35[22m [36m[1m[vite][22m[39m [90m[2m(client)[22m[39m [32mpage reload [39m[2mtests/phase1_static_ui.test.mjs[22m
[2m23:51:20[22m [36m[1m[vite][22m[39m [90m[2m(client)[22m[39m [32mpage reload [39m[2mtests/phase1_static_ui.test.mjs[22m
[2m23:52:47[22m [36m[1m[vite][22m[39m [90m[2m(client)[22m[39m [32mhmr update [39m[2m/client/src/index.css, /client/src/App.tsx[22m
[2m23:52:56[22m [36m[1m[vite][22m[39m [90m[2m(client)[22m[39m [32mhmr update [39m[2m/client/src/index.css, /client/src/App.tsx[22m
[2m23:53:29[22m [36m[1m[vite][22m[39m [90m[2m(client)[22m[39m [32mpage reload [39m[2mtests/phase1_db_kpi.test.mjs[22m
[2m23:54:29[22m [36m[1m[vite][22m[39m [90m[2m(client)[22m[39m [32mpage reload [39m[2mtests/phase1_db_kpi.test.mjs[22m
[2m23:54:49[22m [36m[1m[vite][22m[39m [90m[2m(client)[22m[39m [32mpage reload [39m[2mtests/phase1_db_kpi.test.mjs[22m
[2m00:08:33[22m [36m[1m[vite][22m[39m [90m[2m(client)[22m[39m [32mpage reload [39m[2mindex.html[22m
[2m00:09:06[22m [36m[1m[vite][22m[39m [90m[2m(client)[22m[39m [32mhmr update [39m[2m/@fs/D:\AEO\SEO V2\client\src\pages\DashboardOverviewPage.tsx, /client/src/index.css[22m
[2m00:09:29[22m [36m[1m[vite][22m[39m [90m[2m(client)[22m[39m [32mhmr update [39m[2m/@fs/D:\AEO\SEO V2\client\src\pages\DashboardOverviewPage.tsx, /client/src/index.css[22m
[2m00:09:31[22m [36m[1m[vite][22m[39m [90m[2m(client)[22m[39m [32mhmr update [39m[2m/@fs/D:\AEO\SEO V2\client\src\pages\DashboardOverviewPage.tsx, /client/src/index.css[22m
[2m00:09:33[22m [36m[1m[vite][22m[39m [90m[2m(client)[22m[39m [32mhmr update [39m[2m/@fs/D:\AEO\SEO V2\client\src\pages\ProjectsPage.tsx, /client/src/index.css[22m
[2m00:09:35[22m [36m[1m[vite][22m[39m [90m[2m(client)[22m[39m [32mhmr update [39m[2m/@fs/D:\AEO\SEO V2\client\src\pages\KeywordClusterPlanner.tsx, /client/src/index.css[22m
[2m00:09:36[22m [36m[1m[vite][22m[39m [90m[2m(client)[22m[39m [32mhmr update [39m[2m/@fs/D:\AEO\SEO V2\client\src\pages\KeywordClusterPlanner.tsx, /client/src/index.css[22m
[2m00:09:50[22m [36m[1m[vite][22m[39m [90m[2m(client)[22m[39m [32mhmr update [39m[2m/@fs/D:\AEO\SEO V2\client\src\layouts\MainDashboardShell.tsx, /client/src/index.css[22m
[2m00:17:05[22m [36m[1m[vite][22m[39m [90m[2m(client)[22m[39m [32mpage reload [39m[2mserver/index.ts[22m
[2m00:17:44[22m [36m[1m[vite][22m[39m [90m[2m(client)[22m[39m [32mpage reload [39m[2mvercel.json[22m
[2m00:18:32[22m [36m[1m[vite][22m[39m [90m[2m(client)[22m[39m [32mpage reload [39m[2mserver/_core/env.ts[22m
[2m00:18:54[22m [36m[1m[vite][22m[39m [90m[2m(client)[22m[39m [32mpage reload [39m[2mserver/auth.ts[22m
[2m00:18:57[22m [36m[1m[vite][22m[39m [90m[2m(client)[22m[39m [32mpage reload [39m[2mserver/auth.ts[22m
[2m00:18:59[22m [36m[1m[vite][22m[39m [90m[2m(client)[22m[39m [32mpage reload [39m[2mserver/auth.ts[22m
[2m00:19:19[22m [36m[1m[vite][22m[39m [90m[2m(client)[22m[39m [32mpage reload [39m[2mdb/index.ts[22m
[2m00:19:47[22m [36m[1m[vite][22m[39m [90m[2m(client)[22m[39m [32mpage reload [39m[2mdb/index.ts[22m
[2m00:36:46[22m [36m[1m[vite][22m[39m [90m[2m(client)[22m[39m [32mpage reload [39m[2mvercel.json[22m
[2m00:36:47[22m [36m[1m[vite][22m[39m [90m[2m(client)[22m[39m [32mpage reload [39m[2mapi/index.ts[22m
[2m00:36:57[22m [36m[1m[vite][22m[39m [90m[2m(client)[22m[39m [32mpage reload [39m[2mtests/phase1_backend_deploy.test.mjs[22m
[2m00:36:59[22m [36m[1m[vite][22m[39m [90m[2m(client)[22m[39m [32mpage reload [39m[2mtests/phase1_backend_deploy.test.mjs[22m
[2m00:37:08[22m [36m[1m[vite][22m[39m [90m[2m(client)[22m[39m [32mpage reload [39m[2mtests/phase1_backend_deploy.test.mjs[22m
[2m00:39:27[22m [36m[1m[vite][22m[39m [90m[2m(client)[22m[39m [32mpage reload [39m[2mserver/_core/env.ts[22m
[2m00:39:29[22m [36m[1m[vite][22m[39m [90m[2m(client)[22m[39m [32mpage reload [39m[2mserver/app.ts[22m
[2m00:39:46[22m [36m[1m[vite][22m[39m [90m[2m(client)[22m[39m [32mpage reload [39m[2mserver/app.ts[22m
[2m00:42:21[22m [36m[1m[vite][22m[39m [90m[2m(client)[22m[39m [32mpage reload [39m[2mvercel.json[22m
[2m00:44:52[22m [36m[1m[vite][22m[39m [90m[2m(client)[22m[39m [32mpage reload [39m[2mvercel.json[22m
[2m00:45:23[22m [36m[1m[vite][22m[39m [90m[2m(client)[22m[39m [32mpage reload [39m[2mtests/phase1_backend_deploy.test.mjs[22m
[2m00:47:32[22m [36m[1m[vite][22m[39m [90m[2m(client)[22m[39m [32mpage reload [39m[2mvercel.json[22m
[2m00:47:50[22m [36m[1m[vite][22m[39m [90m[2m(client)[22m[39m [32mpage reload [39m[2mtests/phase1_backend_deploy.test.mjs[22m
[2m00:49:24[22m [36m[1m[vite][22m[39m [90m[2m(client)[22m[39m [32mpage reload [39m[2mvercel.json[22m
[2m00:49:34[22m [36m[1m[vite][22m[39m [90m[2m(client)[22m[39m [32mpage reload [39m[2mtests/phase1_backend_deploy.test.mjs[22m
[2m00:51:13[22m [36m[1m[vite][22m[39m [90m[2m(client)[22m[39m [32mpage reload [39m[2mvercel.json[22m
[2m00:51:21[22m [36m[1m[vite][22m[39m [90m[2m(client)[22m[39m [32mpage reload [39m[2mtests/phase1_backend_deploy.test.mjs[22m
[2m00:52:55[22m [36m[1m[vite][22m[39m [90m[2m(client)[22m[39m [32mpage reload [39m[2mpackage.json[22m
[2m00:53:00[22m [36m[1m[vite][22m[39m [90m[2m(client)[22m[39m [32mpage reload [39m[2mvercel.json[22m
[2m00:53:17[22m [36m[1m[vite][22m[39m [90m[2m(client)[22m[39m [32mpage reload [39m[2mtests/phase1_backend_deploy.test.mjs[22m
[2m01:15:59[22m [36m[1m[vite][22m[39m [90m[2m(client)[22m[39m [32mpage reload [39m[2mdb/schema.ts[22m
[2m01:16:44[22m [36m[1m[vite][22m[39m [90m[2m(client)[22m[39m [32mpage reload [39m[2mserver/_core/env.ts[22m
[2m01:16:52[22m [36m[1m[vite][22m[39m [90m[2m(client)[22m[39m [32mpage reload [39m[2mserver/_core/env.ts[22m
[2m01:18:38[22m [36m[1m[vite][22m[39m [90m[2m(client)[22m[39m [32mpage reload [39m[2mserver/routers/settings.ts[22m
[2m01:21:12[22m [36m[1m[vite][22m[39m [90m[2m(client)[22m[39m [32mpage reload [39m[2mserver/routers/keywords.ts[22m
[2m01:22:16[22m [36m[1m[vite][22m[39m [90m[2m(client)[22m[39m [32mpage reload [39m[2mserver/routers/keywords.ts[22m
[2m01:23:40[22m [36m[1m[vite][22m[39m [90m[2m(client)[22m[39m [32mpage reload [39m[2mserver/app.ts[22m
[2m01:23:57[22m [36m[1m[vite][22m[39m [90m[2m(client)[22m[39m [32mpage reload [39m[2mserver/app.ts[22m
[2m01:24:19[22m [36m[1m[vite][22m[39m [90m[2m(client)[22m[39m [32mpage reload [39m[2mvercel.json[22m
[2m01:25:36[22m [36m[1m[vite][22m[39m [90m[2m(client)[22m[39m [32mpage reload [39m[2mdb/schema.ts[22m
[2m01:26:09[22m [36m[1m[vite][22m[39m [90m[2m(client)[22m[39m [32mpage reload [39m[2mdb/schema.ts[22m
[2m01:26:47[22m [36m[1m[vite][22m[39m [90m[2m(client)[22m[39m [32mpage reload [39m[2mserver/services/llmClient.ts[22m
[2m01:27:21[22m [36m[1m[vite][22m[39m [90m[2m(client)[22m[39m [32mpage reload [39m[2mdb/schema.ts[22m
[2m01:34:33[22m [36m[1m[vite][22m[39m [90m[2m(client)[22m[39m [32mpage reload [39m[2mdb/schema.ts[22m
[2m01:36:11[22m [36m[1m[vite][22m[39m [90m[2m(client)[22m[39m [32mhmr update [39m[2m/@fs/D:\AEO\SEO V2\client\src\layouts\MainDashboardShell.tsx, /client/src/index.css[22m
[2m01:36:56[22m [36m[1m[vite][22m[39m [90m[2m(client)[22m[39m [32mpage reload [39m[2mserver/routers/keywords.ts[22m
[2m01:37:16[22m [36m[1m[vite][22m[39m [90m[2m(client)[22m[39m [32mpage reload [39m[2mserver/routers/keywords.ts[22m
[2m01:37:26[22m [36m[1m[vite][22m[39m [90m[2m(client)[22m[39m [32mpage reload [39m[2mserver/routers/keywords.ts[22m
[2m01:37:38[22m [36m[1m[vite][22m[39m [90m[2m(client)[22m[39m [32mpage reload [39m[2mserver/routers/keywords.ts[22m
[2m01:37:59[22m [36m[1m[vite][22m[39m [90m[2m(client)[22m[39m [32mpage reload [39m[2mserver/routers/research.ts[22m
[2m01:38:08[22m [36m[1m[vite][22m[39m [90m[2m(client)[22m[39m [32mpage reload [39m[2mserver/routers/research.ts[22m
[2m01:38:14[22m [36m[1m[vite][22m[39m [90m[2m(client)[22m[39m [32mpage reload [39m[2mserver/routers/settings.ts[22m
[2m01:38:27[22m [36m[1m[vite][22m[39m [90m[2m(client)[22m[39m [32mpage reload [39m[2mserver/routers/settings.ts[22m
[2m01:38:37[22m [36m[1m[vite][22m[39m [90m[2m(client)[22m[39m [32mpage reload [39m[2mserver/routers/settings.ts[22m
[2m01:39:42[22m [36m[1m[vite][22m[39m [90m[2m(client)[22m[39m [32mpage reload [39m[2mserver/routers/keywords.ts[22m
[2m01:40:04[22m [36m[1m[vite][22m[39m [90m[2m(client)[22m[39m [32mpage reload [39m[2mserver/routers/keywords.ts[22m
[2m01:40:54[22m [36m[1m[vite][22m[39m [90m[2m(client)[22m[39m [32mpage reload [39m[2mserver/routers/keywords.ts[22m
[2m01:41:24[22m [36m[1m[vite][22m[39m [90m[2m(client)[22m[39m [32mpage reload [39m[2mserver/routers/projects.ts[22m
[2m01:41:35[22m [36m[1m[vite][22m[39m [90m[2m(client)[22m[39m [32mpage reload [39m[2mserver/routers/projects.ts[22m
[2m01:42:08[22m [36m[1m[vite][22m[39m [90m[2m(client)[22m[39m [32mpage reload [39m[2mserver/routers/projects.ts[22m
[2m01:42:14[22m [36m[1m[vite][22m[39m [90m[2m(client)[22m[39m [32mpage reload [39m[2mserver/routers/projects.ts[22m
[2m01:43:16[22m [36m[1m[vite][22m[39m [90m[2m(client)[22m[39m [32mhmr update [39m[2m/@fs/D:\AEO\SEO V2\client\src\layouts\MainDashboardShell.tsx, /client/src/index.css[22m
[2m01:43:52[22m [36m[1m[vite][22m[39m [90m[2m(client)[22m[39m [32mhmr update [39m[2m/client/src/App.tsx, /client/src/index.css[22m
[2m01:44:40[22m [36m[1m[vite][22m[39m [90m[2m(client)[22m[39m [32mhmr update [39m[2m/client/src/index.css, /@fs/D:\AEO\SEO V2\client\src\pages\Login.tsx, /@fs/D:\AEO\SEO V2\client\src\layouts\MainDashboardShell.tsx[22m
[2m01:44:41[22m [36m[1m[vite][22m[39m [90m[2m(client)[22m[39m [33mhmr invalidate [39m[2m/@fs/D:\AEO\SEO V2\client\src\pages\Login.tsx[22m Could not Fast Refresh ("DEFAULT_DEMO" export is incompatible). Learn more at https://github.com/vitejs/vite-plugin-react/tree/main/packages/plugin-react#consistent-components-exports
[2m01:44:41[22m [36m[1m[vite][22m[39m [90m[2m(client)[22m[39m [32mhmr update [39m[2m/client/src/index.css, /client/src/App.tsx[22m
[2m01:48:31[22m [36m[1m[vite][22m[39m [90m[2m(client)[22m[39m [32mpage reload [39m[2mtests/phase2_pipeline.test.mjs[22m
