[2m22:42:58[22m [31m[1m[vite][22m[39m [31mhttp proxy error: /api/trpc/auth.me?batch=1&input=%7B%7D[39m
AggregateError [ECONNREFUSED]: 
    at internalConnectMultiple (node:net:1193:18)
    at afterConnectMultiple (node:net:1783:7)
[2m22:42:59[22m [31m[1m[vite][22m[39m [31mhttp proxy error: /api/trpc/auth.me?batch=1&input=%7B%7D[39m
AggregateError [ECONNREFUSED]: 
    at internalConnectMultiple (node:net:1193:18)
    at afterConnectMultiple (node:net:1783:7)
[2m22:43:01[22m [31m[1m[vite][22m[39m [31mhttp proxy error: /api/trpc/auth.me?batch=1&input=%7B%7D[39m
AggregateError [ECONNREFUSED]: 
    at internalConnectMultiple (node:net:1193:18)
    at afterConnectMultiple (node:net:1783:7)
[2m22:43:05[22m [31m[1m[vite][22m[39m [31mhttp proxy error: /api/trpc/auth.me?batch=1&input=%7B%7D[39m
AggregateError [ECONNREFUSED]: 
    at internalConnectMultiple (node:net:1193:18)
    at afterConnectMultiple (node:net:1783:7)
[2m22:43:09[22m [31m[1m[vite][22m[39m [31mhttp proxy error: /api/trpc/auth.me?batch=1&input=%7B%7D[39m
AggregateError [ECONNREFUSED]: 
    at internalConnectMultiple (node:net:1193:18)
    at afterConnectMultiple (node:net:1783:7)
[2m22:43:10[22m [31m[1m[vite][22m[39m [31mhttp proxy error: /api/trpc/auth.me?batch=1&input=%7B%7D[39m
AggregateError [ECONNREFUSED]: 
    at internalConnectMultiple (node:net:1193:18)
    at afterConnectMultiple (node:net:1783:7)
[2m22:43:12[22m [31m[1m[vite][22m[39m [31mhttp proxy error: /api/trpc/auth.me?batch=1&input=%7B%7D[39m
AggregateError [ECONNREFUSED]: 
    at internalConnectMultiple (node:net:1193:18)
    at afterConnectMultiple (node:net:1783:7)
[2m22:43:16[22m [31m[1m[vite][22m[39m [31mhttp proxy error: /api/trpc/auth.me?batch=1&input=%7B%7D[39m
AggregateError [ECONNREFUSED]: 
    at internalConnectMultiple (node:net:1193:18)
    at afterConnectMultiple (node:net:1783:7)
[2m22:43:24[22m [31m[1m[vite][22m[39m [31mhttp proxy error: /api/trpc/auth.me?batch=1&input=%7B%7D[39m
AggregateError [ECONNREFUSED]: 
    at internalConnectMultiple (node:net:1193:18)
    at afterConnectMultiple (node:net:1783:7)
[2m23:28:19[22m [31m[1m[vite][22m[39m [31mInternal server error: Failed to resolve import "../seo/KeywordTools" from "client/src/components/dashboard/MainDashboard.tsx". Does the file exist?[39m
  Plugin: [35mvite:import-analysis[39m
  File: [36mD:/AEO/SEO V2/client/src/components/dashboard/MainDashboard.tsx[39m:99:39
[33m  191|  const SystemOverview = lazy(_c3 = () => import("./SystemOverview"));
  192|  _c4 = SystemOverview;
  193|  const KeywordTools = lazy(_c5 = () => import("../seo/KeywordTools"));
     |                                               ^
  194|  _c6 = KeywordTools;
  195|  const WriteArticle = lazy(_c7 = () => import("../articles/WriteArticle"));[39m
      at TransformPluginContext._formatLog (file:///D:/AEO/SEO%20V2/node_modules/vite/dist/node/chunks/dep-Dm0c1Wj2.js:42658:41)
      at TransformPluginContext.error (file:///D:/AEO/SEO%20V2/node_modules/vite/dist/node/chunks/dep-Dm0c1Wj2.js:42655:16)
      at normalizeUrl (file:///D:/AEO/SEO%20V2/node_modules/vite/dist/node/chunks/dep-Dm0c1Wj2.js:40634:23)
      at process.processTicksAndRejections (node:internal/process/task_queues:104:5)
      at async file:///D:/AEO/SEO%20V2/node_modules/vite/dist/node/chunks/dep-Dm0c1Wj2.js:40753:37
      at async Promise.all (index 15)
      at async TransformPluginContext.transform (file:///D:/AEO/SEO%20V2/node_modules/vite/dist/node/chunks/dep-Dm0c1Wj2.js:40680:7)
      at async EnvironmentPluginContainer.transform (file:///D:/AEO/SEO%20V2/node_modules/vite/dist/node/chunks/dep-Dm0c1Wj2.js:42453:18)
      at async loadAndTransform (file:///D:/AEO/SEO%20V2/node_modules/vite/dist/node/chunks/dep-Dm0c1Wj2.js:35845:27)
      at async viteTransformMiddleware (file:///D:/AEO/SEO%20V2/node_modules/vite/dist/node/chunks/dep-Dm0c1Wj2.js:37369:24)
[2m23:28:20[22m [31m[1m[vite][22m[39m [31m[2m(client)[22m[39m Pre-transform error: Failed to resolve import "../seo/KeywordTools" from "client/src/components/dashboard/MainDashboard.tsx". Does the file exist?
  Plugin: [35mvite:import-analysis[39m
  File: [36mD:/AEO/SEO V2/client/src/components/dashboard/MainDashboard.tsx[39m:99:39
[33m  191|  const SystemOverview = lazy(_c3 = () => import("./SystemOverview"));
  192|  _c4 = SystemOverview;
  193|  const KeywordTools = lazy(_c5 = () => import("../seo/KeywordTools"));
     |                                               ^
  194|  _c6 = KeywordTools;
  195|  const WriteArticle = lazy(_c7 = () => import("../articles/WriteArticle"));[39m
[2m23:28:21[22m [31m[1m[vite][22m[39m [31mInternal server error: Failed to resolve import "../seo/KeywordTools" from "client/src/components/dashboard/MainDashboard.tsx". Does the file exist?[39m
  Plugin: [35mvite:import-analysis[39m
  File: [36mD:/AEO/SEO V2/client/src/components/dashboard/MainDashboard.tsx[39m:99:39
[33m  191|  const SystemOverview = lazy(_c3 = () => import("./SystemOverview"));
  192|  _c4 = SystemOverview;
  193|  const KeywordTools = lazy(_c5 = () => import("../seo/KeywordTools"));
     |                                               ^
  194|  _c6 = KeywordTools;
  195|  const WriteArticle = lazy(_c7 = () => import("../articles/WriteArticle"));[39m
      at TransformPluginContext._formatLog (file:///D:/AEO/SEO%20V2/node_modules/vite/dist/node/chunks/dep-Dm0c1Wj2.js:42658:41)
      at TransformPluginContext.error (file:///D:/AEO/SEO%20V2/node_modules/vite/dist/node/chunks/dep-Dm0c1Wj2.js:42655:16)
      at normalizeUrl (file:///D:/AEO/SEO%20V2/node_modules/vite/dist/node/chunks/dep-Dm0c1Wj2.js:40634:23)
      at process.processTicksAndRejections (node:internal/process/task_queues:104:5)
      at async file:///D:/AEO/SEO%20V2/node_modules/vite/dist/node/chunks/dep-Dm0c1Wj2.js:40753:37
      at async Promise.all (index 15)
      at async TransformPluginContext.transform (file:///D:/AEO/SEO%20V2/node_modules/vite/dist/node/chunks/dep-Dm0c1Wj2.js:40680:7)
      at async EnvironmentPluginContainer.transform (file:///D:/AEO/SEO%20V2/node_modules/vite/dist/node/chunks/dep-Dm0c1Wj2.js:42453:18)
      at async loadAndTransform (file:///D:/AEO/SEO%20V2/node_modules/vite/dist/node/chunks/dep-Dm0c1Wj2.js:35845:27)
      at async viteTransformMiddleware (file:///D:/AEO/SEO%20V2/node_modules/vite/dist/node/chunks/dep-Dm0c1Wj2.js:37369:24)
[2m23:28:25[22m [31m[1m[vite][22m[39m [31m[2m(client)[22m[39m Pre-transform error: Failed to resolve import "../seo/KeywordTools" from "client/src/components/dashboard/MainDashboard.tsx". Does the file exist?
  Plugin: [35mvite:import-analysis[39m
  File: [36mD:/AEO/SEO V2/client/src/components/dashboard/MainDashboard.tsx[39m:99:39
[33m  191|  const SystemOverview = lazy(_c3 = () => import("./SystemOverview"));
  192|  _c4 = SystemOverview;
  193|  const KeywordTools = lazy(_c5 = () => import("../seo/KeywordTools"));
     |                                               ^
  194|  _c6 = KeywordTools;
  195|  const WriteArticle = lazy(_c7 = () => import("../articles/WriteArticle"));[39m
[2m23:28:25[22m [31m[1m[vite][22m[39m [31mInternal server error: Failed to resolve import "../seo/KeywordTools" from "client/src/components/dashboard/MainDashboard.tsx". Does the file exist?[39m
  Plugin: [35mvite:import-analysis[39m
  File: [36mD:/AEO/SEO V2/client/src/components/dashboard/MainDashboard.tsx[39m:99:39
[33m  191|  const SystemOverview = lazy(_c3 = () => import("./SystemOverview"));
  192|  _c4 = SystemOverview;
  193|  const KeywordTools = lazy(_c5 = () => import("../seo/KeywordTools"));
     |                                               ^
  194|  _c6 = KeywordTools;
  195|  const WriteArticle = lazy(_c7 = () => import("../articles/WriteArticle"));[39m
      at TransformPluginContext._formatLog (file:///D:/AEO/SEO%20V2/node_modules/vite/dist/node/chunks/dep-Dm0c1Wj2.js:42658:41)
      at TransformPluginContext.error (file:///D:/AEO/SEO%20V2/node_modules/vite/dist/node/chunks/dep-Dm0c1Wj2.js:42655:16)
      at normalizeUrl (file:///D:/AEO/SEO%20V2/node_modules/vite/dist/node/chunks/dep-Dm0c1Wj2.js:40634:23)
      at process.processTicksAndRejections (node:internal/process/task_queues:104:5)
      at async file:///D:/AEO/SEO%20V2/node_modules/vite/dist/node/chunks/dep-Dm0c1Wj2.js:40753:37
      at async Promise.all (index 15)
      at async TransformPluginContext.transform (file:///D:/AEO/SEO%20V2/node_modules/vite/dist/node/chunks/dep-Dm0c1Wj2.js:40680:7)
      at async EnvironmentPluginContainer.transform (file:///D:/AEO/SEO%20V2/node_modules/vite/dist/node/chunks/dep-Dm0c1Wj2.js:42453:18)
      at async loadAndTransform (file:///D:/AEO/SEO%20V2/node_modules/vite/dist/node/chunks/dep-Dm0c1Wj2.js:35845:27)
      at async viteTransformMiddleware (file:///D:/AEO/SEO%20V2/node_modules/vite/dist/node/chunks/dep-Dm0c1Wj2.js:37369:24)
[2m23:28:27[22m [31m[1m[vite][22m[39m [31mInternal server error: Failed to resolve import "../components/dashboard/MainDashboard" from "client/src/pages/MainDashboard.tsx". Does the file exist?[39m
  Plugin: [35mvite:import-analysis[39m
  File: [36mD:/AEO/SEO V2/client/src/pages/MainDashboard.tsx[39m:1:24
[33m  1  |  export { default } from "../components/dashboard/MainDashboard";
     |                           ^
  2  |  [39m
      at TransformPluginContext._formatLog (file:///D:/AEO/SEO%20V2/node_modules/vite/dist/node/chunks/dep-Dm0c1Wj2.js:42658:41)
      at TransformPluginContext.error (file:///D:/AEO/SEO%20V2/node_modules/vite/dist/node/chunks/dep-Dm0c1Wj2.js:42655:16)
      at normalizeUrl (file:///D:/AEO/SEO%20V2/node_modules/vite/dist/node/chunks/dep-Dm0c1Wj2.js:40634:23)
      at process.processTicksAndRejections (node:internal/process/task_queues:104:5)
      at async file:///D:/AEO/SEO%20V2/node_modules/vite/dist/node/chunks/dep-Dm0c1Wj2.js:40753:37
      at async Promise.all (index 0)
      at async TransformPluginContext.transform (file:///D:/AEO/SEO%20V2/node_modules/vite/dist/node/chunks/dep-Dm0c1Wj2.js:40680:7)
      at async EnvironmentPluginContainer.transform (file:///D:/AEO/SEO%20V2/node_modules/vite/dist/node/chunks/dep-Dm0c1Wj2.js:42453:18)
      at async loadAndTransform (file:///D:/AEO/SEO%20V2/node_modules/vite/dist/node/chunks/dep-Dm0c1Wj2.js:35845:27)
      at async viteTransformMiddleware (file:///D:/AEO/SEO%20V2/node_modules/vite/dist/node/chunks/dep-Dm0c1Wj2.js:37369:24)
[2m23:28:28[22m [31m[1m[vite][22m[39m [31m[2m(client)[22m[39m Pre-transform error: Failed to load url /client/src/components/project/ThemeContext.tsx (resolved id: D:/AEO/SEO V2/client/src/components/project/ThemeContext.tsx) in D:/AEO/SEO V2/client/src/contexts/ThemeContext.tsx. Does the file exist?
[2m23:28:52[22m [31m[1m[vite][22m[39m [31m[2m(client)[22m[39m Pre-transform error: Failed to resolve import "./pages/Home" from "client/src/App.tsx". Does the file exist?
  Plugin: [35mvite:import-analysis[39m
  File: [36mD:/AEO/SEO V2/client/src/App.tsx[39m:10:31
[33m  26 |  const Login = lazy(_c3 = () => import("@/pages/Login"));
  27 |  _c4 = Login;
  28 |  const Home = lazy(_c5 = () => import("./pages/Home"));
     |                                       ^
  29 |  _c6 = Home;
  30 |  const MainDashboard = lazy(_c7 = () => import("./pages/MainDashboard"));[39m
[2m23:28:52[22m [31m[1m[vite][22m[39m [31m[2m(client)[22m[39m Pre-transform error: Failed to resolve import "./pages/Home" from "client/src/App.tsx". Does the file exist?
  Plugin: [35mvite:import-analysis[39m
  File: [36mD:/AEO/SEO V2/client/src/App.tsx[39m:10:31
[33m  26 |  const Login = lazy(_c3 = () => import("@/pages/Login"));
  27 |  _c4 = Login;
  28 |  const Home = lazy(_c5 = () => import("./pages/Home"));
     |                                       ^
  29 |  _c6 = Home;
  30 |  const MainDashboard = lazy(_c7 = () => import("./pages/MainDashboard"));[39m
[2m23:28:52[22m [31m[1m[vite][22m[39m [31mInternal server error: Failed to resolve import "./pages/Home" from "client/src/App.tsx". Does the file exist?[39m
  Plugin: [35mvite:import-analysis[39m
  File: [36mD:/AEO/SEO V2/client/src/App.tsx[39m:10:31
[33m  26 |  const Login = lazy(_c3 = () => import("@/pages/Login"));
  27 |  _c4 = Login;
  28 |  const Home = lazy(_c5 = () => import("./pages/Home"));
     |                                       ^
  29 |  _c6 = Home;
  30 |  const MainDashboard = lazy(_c7 = () => import("./pages/MainDashboard"));[39m
      at TransformPluginContext._formatLog (file:///D:/AEO/SEO%20V2/node_modules/vite/dist/node/chunks/dep-Dm0c1Wj2.js:42658:41)
      at TransformPluginContext.error (file:///D:/AEO/SEO%20V2/node_modules/vite/dist/node/chunks/dep-Dm0c1Wj2.js:42655:16)
      at normalizeUrl (file:///D:/AEO/SEO%20V2/node_modules/vite/dist/node/chunks/dep-Dm0c1Wj2.js:40634:23)
      at process.processTicksAndRejections (node:internal/process/task_queues:104:5)
      at async file:///D:/AEO/SEO%20V2/node_modules/vite/dist/node/chunks/dep-Dm0c1Wj2.js:40753:37
      at async Promise.all (index 11)
      at async TransformPluginContext.transform (file:///D:/AEO/SEO%20V2/node_modules/vite/dist/node/chunks/dep-Dm0c1Wj2.js:40680:7)
      at async EnvironmentPluginContainer.transform (file:///D:/AEO/SEO%20V2/node_modules/vite/dist/node/chunks/dep-Dm0c1Wj2.js:42453:18)
      at async loadAndTransform (file:///D:/AEO/SEO%20V2/node_modules/vite/dist/node/chunks/dep-Dm0c1Wj2.js:35845:27)
[2m23:28:52[22m [31m[1m[vite][22m[39m [31mInternal server error: Failed to resolve import "./pages/Home" from "client/src/App.tsx". Does the file exist?[39m
  Plugin: [35mvite:import-analysis[39m
  File: [36mD:/AEO/SEO V2/client/src/App.tsx[39m:10:31
[33m  26 |  const Login = lazy(_c3 = () => import("@/pages/Login"));
  27 |  _c4 = Login;
  28 |  const Home = lazy(_c5 = () => import("./pages/Home"));
     |                                       ^
  29 |  _c6 = Home;
  30 |  const MainDashboard = lazy(_c7 = () => import("./pages/MainDashboard"));[39m
      at TransformPluginContext._formatLog (file:///D:/AEO/SEO%20V2/node_modules/vite/dist/node/chunks/dep-Dm0c1Wj2.js:42658:41)
      at TransformPluginContext.error (file:///D:/AEO/SEO%20V2/node_modules/vite/dist/node/chunks/dep-Dm0c1Wj2.js:42655:16)
      at normalizeUrl (file:///D:/AEO/SEO%20V2/node_modules/vite/dist/node/chunks/dep-Dm0c1Wj2.js:40634:23)
      at process.processTicksAndRejections (node:internal/process/task_queues:104:5)
      at async file:///D:/AEO/SEO%20V2/node_modules/vite/dist/node/chunks/dep-Dm0c1Wj2.js:40753:37
      at async Promise.all (index 11)
      at async TransformPluginContext.transform (file:///D:/AEO/SEO%20V2/node_modules/vite/dist/node/chunks/dep-Dm0c1Wj2.js:40680:7)
      at async EnvironmentPluginContainer.transform (file:///D:/AEO/SEO%20V2/node_modules/vite/dist/node/chunks/dep-Dm0c1Wj2.js:42453:18)
      at async loadAndTransform (file:///D:/AEO/SEO%20V2/node_modules/vite/dist/node/chunks/dep-Dm0c1Wj2.js:35845:27)
[2m23:29:34[22m [31m[1m[vite][22m[39m [31m[2m(client)[22m[39m Pre-transform error: Failed to resolve import "./pages/Home" from "client/src/App.tsx". Does the file exist?
  Plugin: [35mvite:import-analysis[39m
  File: [36mD:/AEO/SEO V2/client/src/App.tsx[39m:10:31
[33m  26 |  const Login = lazy(_c3 = () => import("@/pages/Login"));
  27 |  _c4 = Login;
  28 |  const Home = lazy(_c5 = () => import("./pages/Home"));
     |                                       ^
  29 |  _c6 = Home;
  30 |  const MainDashboard = lazy(_c7 = () => import("./pages/MainDashboard"));[39m
[2m23:29:34[22m [31m[1m[vite][22m[39m [31mInternal server error: Failed to resolve import "./pages/Home" from "client/src/App.tsx". Does the file exist?[39m
  Plugin: [35mvite:import-analysis[39m
  File: [36mD:/AEO/SEO V2/client/src/App.tsx[39m:10:31
[33m  26 |  const Login = lazy(_c3 = () => import("@/pages/Login"));
  27 |  _c4 = Login;
  28 |  const Home = lazy(_c5 = () => import("./pages/Home"));
     |                                       ^
  29 |  _c6 = Home;
  30 |  const MainDashboard = lazy(_c7 = () => import("./pages/MainDashboard"));[39m
      at TransformPluginContext._formatLog (file:///D:/AEO/SEO%20V2/node_modules/vite/dist/node/chunks/dep-Dm0c1Wj2.js:42658:41)
      at TransformPluginContext.error (file:///D:/AEO/SEO%20V2/node_modules/vite/dist/node/chunks/dep-Dm0c1Wj2.js:42655:16)
      at normalizeUrl (file:///D:/AEO/SEO%20V2/node_modules/vite/dist/node/chunks/dep-Dm0c1Wj2.js:40634:23)
      at process.processTicksAndRejections (node:internal/process/task_queues:104:5)
      at async file:///D:/AEO/SEO%20V2/node_modules/vite/dist/node/chunks/dep-Dm0c1Wj2.js:40753:37
      at async Promise.all (index 11)
      at async TransformPluginContext.transform (file:///D:/AEO/SEO%20V2/node_modules/vite/dist/node/chunks/dep-Dm0c1Wj2.js:40680:7)
      at async EnvironmentPluginContainer.transform (file:///D:/AEO/SEO%20V2/node_modules/vite/dist/node/chunks/dep-Dm0c1Wj2.js:42453:18)
      at async loadAndTransform (file:///D:/AEO/SEO%20V2/node_modules/vite/dist/node/chunks/dep-Dm0c1Wj2.js:35845:27)
      at async viteTransformMiddleware (file:///D:/AEO/SEO%20V2/node_modules/vite/dist/node/chunks/dep-Dm0c1Wj2.js:37369:24)
[2m23:29:35[22m [31m[1m[vite][22m[39m [31mInternal server error: Failed to resolve import "./pages/Home" from "client/src/App.tsx". Does the file exist?[39m
  Plugin: [35mvite:import-analysis[39m
  File: [36mD:/AEO/SEO V2/client/src/App.tsx[39m:10:31
[33m  26 |  const Login = lazy(_c3 = () => import("@/pages/Login"));
  27 |  _c4 = Login;
  28 |  const Home = lazy(_c5 = () => import("./pages/Home"));
     |                                       ^
  29 |  _c6 = Home;
  30 |  const MainDashboard = lazy(_c7 = () => import("./pages/MainDashboard"));[39m
      at TransformPluginContext._formatLog (file:///D:/AEO/SEO%20V2/node_modules/vite/dist/node/chunks/dep-Dm0c1Wj2.js:42658:41)
      at TransformPluginContext.error (file:///D:/AEO/SEO%20V2/node_modules/vite/dist/node/chunks/dep-Dm0c1Wj2.js:42655:16)
      at normalizeUrl (file:///D:/AEO/SEO%20V2/node_modules/vite/dist/node/chunks/dep-Dm0c1Wj2.js:40634:23)
      at process.processTicksAndRejections (node:internal/process/task_queues:104:5)
      at async file:///D:/AEO/SEO%20V2/node_modules/vite/dist/node/chunks/dep-Dm0c1Wj2.js:40753:37
      at async Promise.all (index 11)
      at async TransformPluginContext.transform (file:///D:/AEO/SEO%20V2/node_modules/vite/dist/node/chunks/dep-Dm0c1Wj2.js:40680:7)
      at async EnvironmentPluginContainer.transform (file:///D:/AEO/SEO%20V2/node_modules/vite/dist/node/chunks/dep-Dm0c1Wj2.js:42453:18)
      at async loadAndTransform (file:///D:/AEO/SEO%20V2/node_modules/vite/dist/node/chunks/dep-Dm0c1Wj2.js:35845:27)
      at async viteTransformMiddleware (file:///D:/AEO/SEO%20V2/node_modules/vite/dist/node/chunks/dep-Dm0c1Wj2.js:37369:24)
[2m23:29:54[22m [31m[1m[vite][22m[39m [31m[2m(client)[22m[39m Pre-transform error: Failed to resolve import "./pages/Home" from "client/src/App.tsx". Does the file exist?
  Plugin: [35mvite:import-analysis[39m
  File: [36mD:/AEO/SEO V2/client/src/App.tsx[39m:10:31
[33m  26 |  const Login = lazy(_c3 = () => import("@/pages/Login"));
  27 |  _c4 = Login;
  28 |  const Home = lazy(_c5 = () => import("./pages/Home"));
     |                                       ^
  29 |  _c6 = Home;
  30 |  const MainDashboard = lazy(_c7 = () => import("./pages/MainDashboard"));[39m
[2m23:29:55[22m [31m[1m[vite][22m[39m [31mInternal server error: Failed to resolve import "./pages/Home" from "client/src/App.tsx". Does the file exist?[39m
  Plugin: [35mvite:import-analysis[39m
  File: [36mD:/AEO/SEO V2/client/src/App.tsx[39m:10:31
[33m  26 |  const Login = lazy(_c3 = () => import("@/pages/Login"));
  27 |  _c4 = Login;
  28 |  const Home = lazy(_c5 = () => import("./pages/Home"));
     |                                       ^
  29 |  _c6 = Home;
  30 |  const MainDashboard = lazy(_c7 = () => import("./pages/MainDashboard"));[39m
      at TransformPluginContext._formatLog (file:///D:/AEO/SEO%20V2/node_modules/vite/dist/node/chunks/dep-Dm0c1Wj2.js:42658:41)
      at TransformPluginContext.error (file:///D:/AEO/SEO%20V2/node_modules/vite/dist/node/chunks/dep-Dm0c1Wj2.js:42655:16)
      at normalizeUrl (file:///D:/AEO/SEO%20V2/node_modules/vite/dist/node/chunks/dep-Dm0c1Wj2.js:40634:23)
      at process.processTicksAndRejections (node:internal/process/task_queues:104:5)
      at async file:///D:/AEO/SEO%20V2/node_modules/vite/dist/node/chunks/dep-Dm0c1Wj2.js:40753:37
      at async Promise.all (index 11)
      at async TransformPluginContext.transform (file:///D:/AEO/SEO%20V2/node_modules/vite/dist/node/chunks/dep-Dm0c1Wj2.js:40680:7)
      at async EnvironmentPluginContainer.transform (file:///D:/AEO/SEO%20V2/node_modules/vite/dist/node/chunks/dep-Dm0c1Wj2.js:42453:18)
      at async loadAndTransform (file:///D:/AEO/SEO%20V2/node_modules/vite/dist/node/chunks/dep-Dm0c1Wj2.js:35845:27)
      at async viteTransformMiddleware (file:///D:/AEO/SEO%20V2/node_modules/vite/dist/node/chunks/dep-Dm0c1Wj2.js:37369:24)
[2m23:29:55[22m [31m[1m[vite][22m[39m [31mInternal server error: Failed to resolve import "./pages/Home" from "client/src/App.tsx". Does the file exist?[39m
  Plugin: [35mvite:import-analysis[39m
  File: [36mD:/AEO/SEO V2/client/src/App.tsx[39m:10:31
[33m  26 |  const Login = lazy(_c3 = () => import("@/pages/Login"));
  27 |  _c4 = Login;
  28 |  const Home = lazy(_c5 = () => import("./pages/Home"));
     |                                       ^
  29 |  _c6 = Home;
  30 |  const MainDashboard = lazy(_c7 = () => import("./pages/MainDashboard"));[39m
      at TransformPluginContext._formatLog (file:///D:/AEO/SEO%20V2/node_modules/vite/dist/node/chunks/dep-Dm0c1Wj2.js:42658:41)
      at TransformPluginContext.error (file:///D:/AEO/SEO%20V2/node_modules/vite/dist/node/chunks/dep-Dm0c1Wj2.js:42655:16)
      at normalizeUrl (file:///D:/AEO/SEO%20V2/node_modules/vite/dist/node/chunks/dep-Dm0c1Wj2.js:40634:23)
      at process.processTicksAndRejections (node:internal/process/task_queues:104:5)
      at async file:///D:/AEO/SEO%20V2/node_modules/vite/dist/node/chunks/dep-Dm0c1Wj2.js:40753:37
      at async Promise.all (index 11)
      at async TransformPluginContext.transform (file:///D:/AEO/SEO%20V2/node_modules/vite/dist/node/chunks/dep-Dm0c1Wj2.js:40680:7)
      at async EnvironmentPluginContainer.transform (file:///D:/AEO/SEO%20V2/node_modules/vite/dist/node/chunks/dep-Dm0c1Wj2.js:42453:18)
      at async loadAndTransform (file:///D:/AEO/SEO%20V2/node_modules/vite/dist/node/chunks/dep-Dm0c1Wj2.js:35845:27)
      at async viteTransformMiddleware (file:///D:/AEO/SEO%20V2/node_modules/vite/dist/node/chunks/dep-Dm0c1Wj2.js:37369:24)
[2m23:30:51[22m [31m[1m[vite][22m[39m [31mInternal server error: Failed to resolve import "@/_core/hooks/useAuth" from "client/src/pages/Login.tsx". Does the file exist?[39m
  Plugin: [35mvite:import-analysis[39m
  File: [36mD:/AEO/SEO V2/client/src/pages/Login.tsx[39m:9:20
[33m  24 |  import { cn } from "@/lib/utils";
  25 |  import { AlertCircle, X } from "lucide-react";
  26 |  import useAuth from "@/_core/hooks/useAuth";
     |                       ^
  27 |  const OAUTH_ERROR_COPY = {
  28 |    // ===== Generic SDK callback =====[39m
      at TransformPluginContext._formatLog (file:///D:/AEO/SEO%20V2/node_modules/vite/dist/node/chunks/dep-Dm0c1Wj2.js:42658:41)
      at TransformPluginContext.error (file:///D:/AEO/SEO%20V2/node_modules/vite/dist/node/chunks/dep-Dm0c1Wj2.js:42655:16)
      at normalizeUrl (file:///D:/AEO/SEO%20V2/node_modules/vite/dist/node/chunks/dep-Dm0c1Wj2.js:40634:23)
      at process.processTicksAndRejections (node:internal/process/task_queues:104:5)
      at async file:///D:/AEO/SEO%20V2/node_modules/vite/dist/node/chunks/dep-Dm0c1Wj2.js:40753:37
      at async Promise.all (index 11)
      at async TransformPluginContext.transform (file:///D:/AEO/SEO%20V2/node_modules/vite/dist/node/chunks/dep-Dm0c1Wj2.js:40680:7)
      at async EnvironmentPluginContainer.transform (file:///D:/AEO/SEO%20V2/node_modules/vite/dist/node/chunks/dep-Dm0c1Wj2.js:42453:18)
      at async loadAndTransform (file:///D:/AEO/SEO%20V2/node_modules/vite/dist/node/chunks/dep-Dm0c1Wj2.js:35845:27)
      at async viteTransformMiddleware (file:///D:/AEO/SEO%20V2/node_modules/vite/dist/node/chunks/dep-Dm0c1Wj2.js:37369:24)
[2m01:34:34[22m [31m[1m[vite][22m[39m [31mhttp proxy error: /api/trpc/auth.me?batch=1&input=%7B%7D[39m
AggregateError [ECONNREFUSED]: 
    at internalConnectMultiple (node:net:1193:18)
    at afterConnectMultiple (node:net:1783:7)
[2m01:34:35[22m [31m[1m[vite][22m[39m [31mhttp proxy error: /api/trpc/auth.me?batch=1&input=%7B%7D[39m
AggregateError [ECONNREFUSED]: 
    at internalConnectMultiple (node:net:1193:18)
    at afterConnectMultiple (node:net:1783:7)
[2m01:34:35[22m [31m[1m[vite][22m[39m [31mhttp proxy error: /api/trpc/auth.me?batch=1&input=%7B%7D[39m
AggregateError [ECONNREFUSED]: 
    at internalConnectMultiple (node:net:1193:18)
    at afterConnectMultiple (node:net:1783:7)
[2m01:34:35[22m [31m[1m[vite][22m[39m [31mhttp proxy error: /api/trpc/auth.me?batch=1&input=%7B%7D[39m
AggregateError [ECONNREFUSED]: 
    at internalConnectMultiple (node:net:1193:18)
    at afterConnectMultiple (node:net:1783:7)
[2m01:34:37[22m [31m[1m[vite][22m[39m [31mhttp proxy error: /api/trpc/auth.me?batch=1&input=%7B%7D[39m
AggregateError [ECONNREFUSED]: 
    at internalConnectMultiple (node:net:1193:18)
    at afterConnectMultiple (node:net:1783:7)
[2m01:34:37[22m [31m[1m[vite][22m[39m [31mhttp proxy error: /api/trpc/auth.me?batch=1&input=%7B%7D[39m
AggregateError [ECONNREFUSED]: 
    at internalConnectMultiple (node:net:1193:18)
    at afterConnectMultiple (node:net:1783:7)
[2m01:34:40[22m [31m[1m[vite][22m[39m [31mhttp proxy error: /api/trpc/auth.me?batch=1&input=%7B%7D[39m
AggregateError [ECONNREFUSED]: 
    at internalConnectMultiple (node:net:1193:18)
    at afterConnectMultiple (node:net:1783:7)
[2m01:34:41[22m [31m[1m[vite][22m[39m [31mhttp proxy error: /api/trpc/auth.me?batch=1&input=%7B%7D[39m
AggregateError [ECONNREFUSED]: 
    at internalConnectMultiple (node:net:1193:18)
    at afterConnectMultiple (node:net:1783:7)
[2m01:34:45[22m [31m[1m[vite][22m[39m [31mhttp proxy error: /api/trpc/auth.me?batch=1&input=%7B%7D[39m
AggregateError [ECONNREFUSED]: 
    at internalConnectMultiple (node:net:1193:18)
    at afterConnectMultiple (node:net:1783:7)
[2m01:34:49[22m [31m[1m[vite][22m[39m [31mhttp proxy error: /api/trpc/auth.me?batch=1&input=%7B%7D[39m
AggregateError [ECONNREFUSED]: 
    at internalConnectMultiple (node:net:1193:18)
    at afterConnectMultiple (node:net:1783:7)
[2m01:34:54[22m [31m[1m[vite][22m[39m [31mhttp proxy error: /api/trpc/auth.me?batch=1&input=%7B%7D[39m
AggregateError [ECONNREFUSED]: 
    at internalConnectMultiple (node:net:1193:18)
    at afterConnectMultiple (node:net:1783:7)
[2m01:35:05[22m [31m[1m[vite][22m[39m [31mhttp proxy error: /api/trpc/auth.me?batch=1&input=%7B%7D[39m
AggregateError [ECONNREFUSED]: 
    at internalConnectMultiple (node:net:1193:18)
    at afterConnectMultiple (node:net:1783:7)
[2m01:35:11[22m [31m[1m[vite][22m[39m [31mhttp proxy error: /api/trpc/auth.me?batch=1&input=%7B%7D[39m
AggregateError [ECONNREFUSED]: 
    at internalConnectMultiple (node:net:1193:18)
    at afterConnectMultiple (node:net:1783:7)
[2m01:35:35[22m [31m[1m[vite][22m[39m [31mhttp proxy error: /api/trpc/auth.me?batch=1&input=%7B%7D[39m
AggregateError [ECONNREFUSED]: 
    at internalConnectMultiple (node:net:1193:18)
    at afterConnectMultiple (node:net:1783:7)
[2m01:35:42[22m [31m[1m[vite][22m[39m [31mhttp proxy error: /api/trpc/auth.me?batch=1&input=%7B%7D[39m
AggregateError [ECONNREFUSED]: 
    at internalConnectMultiple (node:net:1193:18)
    at afterConnectMultiple (node:net:1783:7)
[2m01:36:05[22m [31m[1m[vite][22m[39m [31mhttp proxy error: /api/trpc/auth.me?batch=1&input=%7B%7D[39m
AggregateError [ECONNREFUSED]: 
    at internalConnectMultiple (node:net:1193:18)
    at afterConnectMultiple (node:net:1783:7)
[2m01:36:13[22m [31m[1m[vite][22m[39m [31mhttp proxy error: /api/trpc/auth.me?batch=1&input=%7B%7D[39m
AggregateError [ECONNREFUSED]: 
    at internalConnectMultiple (node:net:1193:18)
    at afterConnectMultiple (node:net:1783:7)
[2m01:36:35[22m [31m[1m[vite][22m[39m [31mhttp proxy error: /api/trpc/auth.me?batch=1&input=%7B%7D[39m
AggregateError [ECONNREFUSED]: 
    at internalConnectMultiple (node:net:1193:18)
    at afterConnectMultiple (node:net:1783:7)
[2m01:36:44[22m [31m[1m[vite][22m[39m [31mhttp proxy error: /api/trpc/auth.me?batch=1&input=%7B%7D[39m
AggregateError [ECONNREFUSED]: 
    at internalConnectMultiple (node:net:1193:18)
    at afterConnectMultiple (node:net:1783:7)
[2m01:36:57[22m [31m[1m[vite][22m[39m [31mhttp proxy error: /api/trpc/auth.me?batch=1&input=%7B%7D[39m
AggregateError [ECONNREFUSED]: 
    at internalConnectMultiple (node:net:1193:18)
    at afterConnectMultiple (node:net:1783:7)
[2m01:36:57[22m [31m[1m[vite][22m[39m [31mhttp proxy error: /api/trpc/auth.me?batch=1&input=%7B%7D[39m
AggregateError [ECONNREFUSED]: 
    at internalConnectMultiple (node:net:1193:18)
    at afterConnectMultiple (node:net:1783:7)
[2m01:36:57[22m [31m[1m[vite][22m[39m [31mhttp proxy error: /api/trpc/auth.me?batch=1&input=%7B%7D[39m
AggregateError [ECONNREFUSED]: 
    at internalConnectMultiple (node:net:1193:18)
    at afterConnectMultiple (node:net:1783:7)
[2m01:36:58[22m [31m[1m[vite][22m[39m [31mhttp proxy error: /api/trpc/auth.me?batch=1&input=%7B%7D[39m
AggregateError [ECONNREFUSED]: 
    at internalConnectMultiple (node:net:1193:18)
    at afterConnectMultiple (node:net:1783:7)
[2m01:36:59[22m [31m[1m[vite][22m[39m [31mhttp proxy error: /api/trpc/auth.me?batch=1&input=%7B%7D[39m
AggregateError [ECONNREFUSED]: 
    at internalConnectMultiple (node:net:1193:18)
    at afterConnectMultiple (node:net:1783:7)
[2m01:37:00[22m [31m[1m[vite][22m[39m [31mhttp proxy error: /api/trpc/auth.me?batch=1&input=%7B%7D[39m
AggregateError [ECONNREFUSED]: 
    at internalConnectMultiple (node:net:1193:18)
    at afterConnectMultiple (node:net:1783:7)
[2m01:37:02[22m [31m[1m[vite][22m[39m [31mhttp proxy error: /api/trpc/auth.me?batch=1&input=%7B%7D[39m
AggregateError [ECONNREFUSED]: 
    at internalConnectMultiple (node:net:1193:18)
    at afterConnectMultiple (node:net:1783:7)
[2m01:37:04[22m [31m[1m[vite][22m[39m [31mhttp proxy error: /api/trpc/auth.me?batch=1&input=%7B%7D[39m
AggregateError [ECONNREFUSED]: 
    at internalConnectMultiple (node:net:1193:18)
    at afterConnectMultiple (node:net:1783:7)
[2m01:37:07[22m [31m[1m[vite][22m[39m [31mhttp proxy error: /api/trpc/auth.me?batch=1&input=%7B%7D[39m
AggregateError [ECONNREFUSED]: 
    at internalConnectMultiple (node:net:1193:18)
    at afterConnectMultiple (node:net:1783:7)
[2m01:37:12[22m [31m[1m[vite][22m[39m [31mhttp proxy error: /api/trpc/auth.me?batch=1&input=%7B%7D[39m
AggregateError [ECONNREFUSED]: 
    at internalConnectMultiple (node:net:1193:18)
    at afterConnectMultiple (node:net:1783:7)
[2m01:37:16[22m [31m[1m[vite][22m[39m [31mhttp proxy error: /api/trpc/auth.me?batch=1&input=%7B%7D[39m
AggregateError [ECONNREFUSED]: 
    at internalConnectMultiple (node:net:1193:18)
    at afterConnectMultiple (node:net:1783:7)
[2m01:37:17[22m [31m[1m[vite][22m[39m [31mhttp proxy error: /api/trpc/auth.me?batch=1&input=%7B%7D[39m
AggregateError [ECONNREFUSED]: 
    at internalConnectMultiple (node:net:1193:18)
    at afterConnectMultiple (node:net:1783:7)
[2m01:37:18[22m [31m[1m[vite][22m[39m [31mhttp proxy error: /api/trpc/auth.me?batch=1&input=%7B%7D[39m
AggregateError [ECONNREFUSED]: 
    at internalConnectMultiple (node:net:1193:18)
    at afterConnectMultiple (node:net:1783:7)
[2m01:37:18[22m [31m[1m[vite][22m[39m [31mhttp proxy error: /api/trpc/auth.me?batch=1&input=%7B%7D[39m
AggregateError [ECONNREFUSED]: 
    at internalConnectMultiple (node:net:1193:18)
    at afterConnectMultiple (node:net:1783:7)
[2m01:37:18[22m [31m[1m[vite][22m[39m [31mhttp proxy error: /api/trpc/auth.me?batch=1&input=%7B%7D[39m
AggregateError [ECONNREFUSED]: 
    at internalConnectMultiple (node:net:1193:18)
    at afterConnectMultiple (node:net:1783:7)
[2m01:37:19[22m [31m[1m[vite][22m[39m [31mhttp proxy error: /api/trpc/auth.me?batch=1&input=%7B%7D[39m
AggregateError [ECONNREFUSED]: 
    at internalConnectMultiple (node:net:1193:18)
    at afterConnectMultiple (node:net:1783:7)
[2m01:37:20[22m [31m[1m[vite][22m[39m [31mhttp proxy error: /api/trpc/auth.me?batch=1&input=%7B%7D[39m
AggregateError [ECONNREFUSED]: 
    at internalConnectMultiple (node:net:1193:18)
    at afterConnectMultiple (node:net:1783:7)
[2m01:37:22[22m [31m[1m[vite][22m[39m [31mhttp proxy error: /api/trpc/auth.me?batch=1&input=%7B%7D[39m
AggregateError [ECONNREFUSED]: 
    at internalConnectMultiple (node:net:1193:18)
    at afterConnectMultiple (node:net:1783:7)
[2m01:37:24[22m [31m[1m[vite][22m[39m [31mhttp proxy error: /api/trpc/auth.me?batch=1&input=%7B%7D[39m
AggregateError [ECONNREFUSED]: 
    at internalConnectMultiple (node:net:1193:18)
    at afterConnectMultiple (node:net:1783:7)
[2m01:37:27[22m [31m[1m[vite][22m[39m [31mhttp proxy error: /api/trpc/auth.me?batch=1&input=%7B%7D[39m
AggregateError [ECONNREFUSED]: 
    at internalConnectMultiple (node:net:1193:18)
    at afterConnectMultiple (node:net:1783:7)
[2m01:37:28[22m [31m[1m[vite][22m[39m [31mhttp proxy error: /api/trpc/auth.me?batch=1&input=%7B%7D[39m
AggregateError [ECONNREFUSED]: 
    at internalConnectMultiple (node:net:1193:18)
    at afterConnectMultiple (node:net:1783:7)
[2m01:37:28[22m [31m[1m[vite][22m[39m [31mhttp proxy error: /api/trpc/auth.me?batch=1&input=%7B%7D[39m
AggregateError [ECONNREFUSED]: 
    at internalConnectMultiple (node:net:1193:18)
    at afterConnectMultiple (node:net:1783:7)
[2m01:37:28[22m [31m[1m[vite][22m[39m [31mhttp proxy error: /api/trpc/auth.me?batch=1&input=%7B%7D[39m
AggregateError [ECONNREFUSED]: 
    at internalConnectMultiple (node:net:1193:18)
    at afterConnectMultiple (node:net:1783:7)
[2m01:37:29[22m [31m[1m[vite][22m[39m [31mhttp proxy error: /api/trpc/auth.me?batch=1&input=%7B%7D[39m
AggregateError [ECONNREFUSED]: 
    at internalConnectMultiple (node:net:1193:18)
    at afterConnectMultiple (node:net:1783:7)
[2m01:37:30[22m [31m[1m[vite][22m[39m [31mhttp proxy error: /api/trpc/auth.me?batch=1&input=%7B%7D[39m
AggregateError [ECONNREFUSED]: 
    at internalConnectMultiple (node:net:1193:18)
    at afterConnectMultiple (node:net:1783:7)
[2m01:37:31[22m [31m[1m[vite][22m[39m [31mhttp proxy error: /api/trpc/auth.me?batch=1&input=%7B%7D[39m
AggregateError [ECONNREFUSED]: 
    at internalConnectMultiple (node:net:1193:18)
    at afterConnectMultiple (node:net:1783:7)
[2m01:37:33[22m [31m[1m[vite][22m[39m [31mhttp proxy error: /api/trpc/auth.me?batch=1&input=%7B%7D[39m
AggregateError [ECONNREFUSED]: 
    at internalConnectMultiple (node:net:1193:18)
    at afterConnectMultiple (node:net:1783:7)
[2m01:37:35[22m [31m[1m[vite][22m[39m [31mhttp proxy error: /api/trpc/auth.me?batch=1&input=%7B%7D[39m
AggregateError [ECONNREFUSED]: 
    at internalConnectMultiple (node:net:1193:18)
    at afterConnectMultiple (node:net:1783:7)
[2m01:37:38[22m [31m[1m[vite][22m[39m [31mhttp proxy error: /api/trpc/auth.me?batch=1&input=%7B%7D[39m
AggregateError [ECONNREFUSED]: 
    at internalConnectMultiple (node:net:1193:18)
    at afterConnectMultiple (node:net:1783:7)
[2m01:37:40[22m [31m[1m[vite][22m[39m [31mhttp proxy error: /api/trpc/auth.me?batch=1&input=%7B%7D[39m
AggregateError [ECONNREFUSED]: 
    at internalConnectMultiple (node:net:1193:18)
    at afterConnectMultiple (node:net:1783:7)
[2m01:37:40[22m [31m[1m[vite][22m[39m [31mhttp proxy error: /api/trpc/auth.me?batch=1&input=%7B%7D[39m
AggregateError [ECONNREFUSED]: 
    at internalConnectMultiple (node:net:1193:18)
    at afterConnectMultiple (node:net:1783:7)
[2m01:37:40[22m [31m[1m[vite][22m[39m [31mhttp proxy error: /api/trpc/auth.me?batch=1&input=%7B%7D[39m
AggregateError [ECONNREFUSED]: 
    at internalConnectMultiple (node:net:1193:18)
    at afterConnectMultiple (node:net:1783:7)
[2m01:37:41[22m [31m[1m[vite][22m[39m [31mhttp proxy error: /api/trpc/auth.me?batch=1&input=%7B%7D[39m
AggregateError [ECONNREFUSED]: 
    at internalConnectMultiple (node:net:1193:18)
    at afterConnectMultiple (node:net:1783:7)
[2m01:37:42[22m [31m[1m[vite][22m[39m [31mhttp proxy error: /api/trpc/auth.me?batch=1&input=%7B%7D[39m
AggregateError [ECONNREFUSED]: 
    at internalConnectMultiple (node:net:1193:18)
    at afterConnectMultiple (node:net:1783:7)
[2m01:37:43[22m [31m[1m[vite][22m[39m [31mhttp proxy error: /api/trpc/auth.me?batch=1&input=%7B%7D[39m
AggregateError [ECONNREFUSED]: 
    at internalConnectMultiple (node:net:1193:18)
    at afterConnectMultiple (node:net:1783:7)
[2m01:37:45[22m [31m[1m[vite][22m[39m [31mhttp proxy error: /api/trpc/auth.me?batch=1&input=%7B%7D[39m
AggregateError [ECONNREFUSED]: 
    at internalConnectMultiple (node:net:1193:18)
    at afterConnectMultiple (node:net:1783:7)
[2m01:37:47[22m [31m[1m[vite][22m[39m [31mhttp proxy error: /api/trpc/auth.me?batch=1&input=%7B%7D[39m
AggregateError [ECONNREFUSED]: 
    at internalConnectMultiple (node:net:1193:18)
    at afterConnectMultiple (node:net:1783:7)
[2m01:37:50[22m [31m[1m[vite][22m[39m [31mhttp proxy error: /api/trpc/auth.me?batch=1&input=%7B%7D[39m
AggregateError [ECONNREFUSED]: 
    at internalConnectMultiple (node:net:1193:18)
    at afterConnectMultiple (node:net:1783:7)
[2m01:37:55[22m [31m[1m[vite][22m[39m [31mhttp proxy error: /api/trpc/auth.me?batch=1&input=%7B%7D[39m
AggregateError [ECONNREFUSED]: 
    at internalConnectMultiple (node:net:1193:18)
    at afterConnectMultiple (node:net:1783:7)
[2m01:38:00[22m [31m[1m[vite][22m[39m [31mhttp proxy error: /api/trpc/auth.me?batch=1&input=%7B%7D[39m
AggregateError [ECONNREFUSED]: 
    at internalConnectMultiple (node:net:1193:18)
    at afterConnectMultiple (node:net:1783:7)
[2m01:38:00[22m [31m[1m[vite][22m[39m [31mhttp proxy error: /api/trpc/auth.me?batch=1&input=%7B%7D[39m
AggregateError [ECONNREFUSED]: 
    at internalConnectMultiple (node:net:1193:18)
    at afterConnectMultiple (node:net:1783:7)
[2m01:38:00[22m [31m[1m[vite][22m[39m [31mhttp proxy error: /api/trpc/auth.me?batch=1&input=%7B%7D[39m
AggregateError [ECONNREFUSED]: 
    at internalConnectMultiple (node:net:1193:18)
    at afterConnectMultiple (node:net:1783:7)
[2m01:38:00[22m [31m[1m[vite][22m[39m [31mhttp proxy error: /api/trpc/auth.me?batch=1&input=%7B%7D[39m
AggregateError [ECONNREFUSED]: 
    at internalConnectMultiple (node:net:1193:18)
    at afterConnectMultiple (node:net:1783:7)
[2m01:38:01[22m [31m[1m[vite][22m[39m [31mhttp proxy error: /api/trpc/auth.me?batch=1&input=%7B%7D[39m
AggregateError [ECONNREFUSED]: 
    at internalConnectMultiple (node:net:1193:18)
    at afterConnectMultiple (node:net:1783:7)
[2m01:38:02[22m [31m[1m[vite][22m[39m [31mhttp proxy error: /api/trpc/auth.me?batch=1&input=%7B%7D[39m
AggregateError [ECONNREFUSED]: 
    at internalConnectMultiple (node:net:1193:18)
    at afterConnectMultiple (node:net:1783:7)
[2m01:38:03[22m [31m[1m[vite][22m[39m [31mhttp proxy error: /api/trpc/auth.me?batch=1&input=%7B%7D[39m
AggregateError [ECONNREFUSED]: 
    at internalConnectMultiple (node:net:1193:18)
    at afterConnectMultiple (node:net:1783:7)
[2m01:38:05[22m [31m[1m[vite][22m[39m [31mhttp proxy error: /api/trpc/auth.me?batch=1&input=%7B%7D[39m
AggregateError [ECONNREFUSED]: 
    at internalConnectMultiple (node:net:1193:18)
    at afterConnectMultiple (node:net:1783:7)
[2m01:38:07[22m [31m[1m[vite][22m[39m [31mhttp proxy error: /api/trpc/auth.me?batch=1&input=%7B%7D[39m
AggregateError [ECONNREFUSED]: 
    at internalConnectMultiple (node:net:1193:18)
    at afterConnectMultiple (node:net:1783:7)
[2m01:38:10[22m [31m[1m[vite][22m[39m [31mhttp proxy error: /api/trpc/auth.me?batch=1&input=%7B%7D[39m
AggregateError [ECONNREFUSED]: 
    at internalConnectMultiple (node:net:1193:18)
    at afterConnectMultiple (node:net:1783:7)
[2m01:38:10[22m [31m[1m[vite][22m[39m [31mhttp proxy error: /api/trpc/auth.me?batch=1&input=%7B%7D[39m
AggregateError [ECONNREFUSED]: 
    at internalConnectMultiple (node:net:1193:18)
    at afterConnectMultiple (node:net:1783:7)
[2m01:38:10[22m [31m[1m[vite][22m[39m [31mhttp proxy error: /api/trpc/auth.me?batch=1&input=%7B%7D[39m
AggregateError [ECONNREFUSED]: 
    at internalConnectMultiple (node:net:1193:18)
    at afterConnectMultiple (node:net:1783:7)
[2m01:38:11[22m [31m[1m[vite][22m[39m [31mhttp proxy error: /api/trpc/auth.me?batch=1&input=%7B%7D[39m
AggregateError [ECONNREFUSED]: 
    at internalConnectMultiple (node:net:1193:18)
    at afterConnectMultiple (node:net:1783:7)
[2m01:38:12[22m [31m[1m[vite][22m[39m [31mhttp proxy error: /api/trpc/auth.me?batch=1&input=%7B%7D[39m
AggregateError [ECONNREFUSED]: 
    at internalConnectMultiple (node:net:1193:18)
    at afterConnectMultiple (node:net:1783:7)
[2m01:38:13[22m [31m[1m[vite][22m[39m [31mhttp proxy error: /api/trpc/auth.me?batch=1&input=%7B%7D[39m
AggregateError [ECONNREFUSED]: 
    at internalConnectMultiple (node:net:1193:18)
    at afterConnectMultiple (node:net:1783:7)
[2m01:38:15[22m [31m[1m[vite][22m[39m [31mhttp proxy error: /api/trpc/auth.me?batch=1&input=%7B%7D[39m
AggregateError [ECONNREFUSED]: 
    at internalConnectMultiple (node:net:1193:18)
    at afterConnectMultiple (node:net:1783:7)
[2m01:38:16[22m [31m[1m[vite][22m[39m [31mhttp proxy error: /api/trpc/auth.me?batch=1&input=%7B%7D[39m
AggregateError [ECONNREFUSED]: 
    at internalConnectMultiple (node:net:1193:18)
    at afterConnectMultiple (node:net:1783:7)
[2m01:38:16[22m [31m[1m[vite][22m[39m [31mhttp proxy error: /api/trpc/auth.me?batch=1&input=%7B%7D[39m
AggregateError [ECONNREFUSED]: 
    at internalConnectMultiple (node:net:1193:18)
    at afterConnectMultiple (node:net:1783:7)
[2m01:38:16[22m [31m[1m[vite][22m[39m [31mhttp proxy error: /api/trpc/auth.me?batch=1&input=%7B%7D[39m
AggregateError [ECONNREFUSED]: 
    at internalConnectMultiple (node:net:1193:18)
    at afterConnectMultiple (node:net:1783:7)
[2m01:38:17[22m [31m[1m[vite][22m[39m [31mhttp proxy error: /api/trpc/auth.me?batch=1&input=%7B%7D[39m
AggregateError [ECONNREFUSED]: 
    at internalConnectMultiple (node:net:1193:18)
    at afterConnectMultiple (node:net:1783:7)
[2m01:38:17[22m [31m[1m[vite][22m[39m [31mhttp proxy error: /api/trpc/auth.me?batch=1&input=%7B%7D[39m
AggregateError [ECONNREFUSED]: 
    at internalConnectMultiple (node:net:1193:18)
    at afterConnectMultiple (node:net:1783:7)
[2m01:38:19[22m [31m[1m[vite][22m[39m [31mhttp proxy error: /api/trpc/auth.me?batch=1&input=%7B%7D[39m
AggregateError [ECONNREFUSED]: 
    at internalConnectMultiple (node:net:1193:18)
    at afterConnectMultiple (node:net:1783:7)
[2m01:38:20[22m [31m[1m[vite][22m[39m [31mhttp proxy error: /api/trpc/auth.me?batch=1&input=%7B%7D[39m
AggregateError [ECONNREFUSED]: 
    at internalConnectMultiple (node:net:1193:18)
    at afterConnectMultiple (node:net:1783:7)
[2m01:38:23[22m [31m[1m[vite][22m[39m [31mhttp proxy error: /api/trpc/auth.me?batch=1&input=%7B%7D[39m
AggregateError [ECONNREFUSED]: 
    at internalConnectMultiple (node:net:1193:18)
    at afterConnectMultiple (node:net:1783:7)
[2m01:38:25[22m [31m[1m[vite][22m[39m [31mhttp proxy error: /api/trpc/auth.me?batch=1&input=%7B%7D[39m
AggregateError [ECONNREFUSED]: 
    at internalConnectMultiple (node:net:1193:18)
    at afterConnectMultiple (node:net:1783:7)
[2m01:38:29[22m [31m[1m[vite][22m[39m [31mhttp proxy error: /api/trpc/auth.me?batch=1&input=%7B%7D[39m
AggregateError [ECONNREFUSED]: 
    at internalConnectMultiple (node:net:1193:18)
    at afterConnectMultiple (node:net:1783:7)
[2m01:38:30[22m [31m[1m[vite][22m[39m [31mhttp proxy error: /api/trpc/auth.me?batch=1&input=%7B%7D[39m
AggregateError [ECONNREFUSED]: 
    at internalConnectMultiple (node:net:1193:18)
    at afterConnectMultiple (node:net:1783:7)
[2m01:38:30[22m [31m[1m[vite][22m[39m [31mhttp proxy error: /api/trpc/auth.me?batch=1&input=%7B%7D[39m
AggregateError [ECONNREFUSED]: 
    at internalConnectMultiple (node:net:1193:18)
    at afterConnectMultiple (node:net:1783:7)
[2m01:38:30[22m [31m[1m[vite][22m[39m [31mhttp proxy error: /api/trpc/auth.me?batch=1&input=%7B%7D[39m
AggregateError [ECONNREFUSED]: 
    at internalConnectMultiple (node:net:1193:18)
    at afterConnectMultiple (node:net:1783:7)
[2m01:38:32[22m [31m[1m[vite][22m[39m [31mhttp proxy error: /api/trpc/auth.me?batch=1&input=%7B%7D[39m
AggregateError [ECONNREFUSED]: 
    at internalConnectMultiple (node:net:1193:18)
    at afterConnectMultiple (node:net:1783:7)
[2m01:38:32[22m [31m[1m[vite][22m[39m [31mhttp proxy error: /api/trpc/auth.me?batch=1&input=%7B%7D[39m
AggregateError [ECONNREFUSED]: 
    at internalConnectMultiple (node:net:1193:18)
    at afterConnectMultiple (node:net:1783:7)
[2m01:38:35[22m [31m[1m[vite][22m[39m [31mhttp proxy error: /api/trpc/auth.me?batch=1&input=%7B%7D[39m
AggregateError [ECONNREFUSED]: 
    at internalConnectMultiple (node:net:1193:18)
    at afterConnectMultiple (node:net:1783:7)
[2m01:38:36[22m [31m[1m[vite][22m[39m [31mhttp proxy error: /api/trpc/auth.me?batch=1&input=%7B%7D[39m
AggregateError [ECONNREFUSED]: 
    at internalConnectMultiple (node:net:1193:18)
    at afterConnectMultiple (node:net:1783:7)
[2m01:38:39[22m [31m[1m[vite][22m[39m [31mhttp proxy error: /api/trpc/auth.me?batch=1&input=%7B%7D[39m
AggregateError [ECONNREFUSED]: 
    at internalConnectMultiple (node:net:1193:18)
    at afterConnectMultiple (node:net:1783:7)
[2m01:38:39[22m [31m[1m[vite][22m[39m [31mhttp proxy error: /api/trpc/auth.me?batch=1&input=%7B%7D[39m
AggregateError [ECONNREFUSED]: 
    at internalConnectMultiple (node:net:1193:18)
    at afterConnectMultiple (node:net:1783:7)
[2m01:38:39[22m [31m[1m[vite][22m[39m [31mhttp proxy error: /api/trpc/auth.me?batch=1&input=%7B%7D[39m
AggregateError [ECONNREFUSED]: 
    at internalConnectMultiple (node:net:1193:18)
    at afterConnectMultiple (node:net:1783:7)
[2m01:38:40[22m [31m[1m[vite][22m[39m [31mhttp proxy error: /api/trpc/auth.me?batch=1&input=%7B%7D[39m
AggregateError [ECONNREFUSED]: 
    at internalConnectMultiple (node:net:1193:18)
    at afterConnectMultiple (node:net:1783:7)
[2m01:38:41[22m [31m[1m[vite][22m[39m [31mhttp proxy error: /api/trpc/auth.me?batch=1&input=%7B%7D[39m
AggregateError [ECONNREFUSED]: 
    at internalConnectMultiple (node:net:1193:18)
    at afterConnectMultiple (node:net:1783:7)
[2m01:38:42[22m [31m[1m[vite][22m[39m [31mhttp proxy error: /api/trpc/auth.me?batch=1&input=%7B%7D[39m
AggregateError [ECONNREFUSED]: 
    at internalConnectMultiple (node:net:1193:18)
    at afterConnectMultiple (node:net:1783:7)
[2m01:38:44[22m [31m[1m[vite][22m[39m [31mhttp proxy error: /api/trpc/auth.me?batch=1&input=%7B%7D[39m
AggregateError [ECONNREFUSED]: 
    at internalConnectMultiple (node:net:1193:18)
    at afterConnectMultiple (node:net:1783:7)
[2m01:38:46[22m [31m[1m[vite][22m[39m [31mhttp proxy error: /api/trpc/auth.me?batch=1&input=%7B%7D[39m
AggregateError [ECONNREFUSED]: 
    at internalConnectMultiple (node:net:1193:18)
    at afterConnectMultiple (node:net:1783:7)
[2m01:38:50[22m [31m[1m[vite][22m[39m [31mhttp proxy error: /api/trpc/auth.me?batch=1&input=%7B%7D[39m
AggregateError [ECONNREFUSED]: 
    at internalConnectMultiple (node:net:1193:18)
    at afterConnectMultiple (node:net:1783:7)
[2m01:38:54[22m [31m[1m[vite][22m[39m [31mhttp proxy error: /api/trpc/auth.me?batch=1&input=%7B%7D[39m
AggregateError [ECONNREFUSED]: 
    at internalConnectMultiple (node:net:1193:18)
    at afterConnectMultiple (node:net:1783:7)
[2m01:38:58[22m [31m[1m[vite][22m[39m [31mhttp proxy error: /api/trpc/auth.me?batch=1&input=%7B%7D[39m
AggregateError [ECONNREFUSED]: 
    at internalConnectMultiple (node:net:1193:18)
    at afterConnectMultiple (node:net:1783:7)
[2m01:39:10[22m [31m[1m[vite][22m[39m [31mhttp proxy error: /api/trpc/auth.me?batch=1&input=%7B%7D[39m
AggregateError [ECONNREFUSED]: 
    at internalConnectMultiple (node:net:1193:18)
    at afterConnectMultiple (node:net:1783:7)
[2m01:39:15[22m [31m[1m[vite][22m[39m [31mhttp proxy error: /api/trpc/auth.me?batch=1&input=%7B%7D[39m
AggregateError [ECONNREFUSED]: 
    at internalConnectMultiple (node:net:1193:18)
    at afterConnectMultiple (node:net:1783:7)
[2m01:39:40[22m [31m[1m[vite][22m[39m [31mhttp proxy error: /api/trpc/auth.me?batch=1&input=%7B%7D[39m
AggregateError [ECONNREFUSED]: 
    at internalConnectMultiple (node:net:1193:18)
    at afterConnectMultiple (node:net:1783:7)
[2m01:39:43[22m [31m[1m[vite][22m[39m [31mhttp proxy error: /api/trpc/auth.me?batch=1&input=%7B%7D[39m
AggregateError [ECONNREFUSED]: 
    at internalConnectMultiple (node:net:1193:18)
    at afterConnectMultiple (node:net:1783:7)
[2m01:39:44[22m [31m[1m[vite][22m[39m [31mhttp proxy error: /api/trpc/auth.me?batch=1&input=%7B%7D[39m
AggregateError [ECONNREFUSED]: 
    at internalConnectMultiple (node:net:1193:18)
    at afterConnectMultiple (node:net:1783:7)
[2m01:39:44[22m [31m[1m[vite][22m[39m [31mhttp proxy error: /api/trpc/auth.me?batch=1&input=%7B%7D[39m
AggregateError [ECONNREFUSED]: 
    at internalConnectMultiple (node:net:1193:18)
    at afterConnectMultiple (node:net:1783:7)
[2m01:39:44[22m [31m[1m[vite][22m[39m [31mhttp proxy error: /api/trpc/auth.me?batch=1&input=%7B%7D[39m
AggregateError [ECONNREFUSED]: 
    at internalConnectMultiple (node:net:1193:18)
    at afterConnectMultiple (node:net:1783:7)
[2m01:39:46[22m [31m[1m[vite][22m[39m [31mhttp proxy error: /api/trpc/auth.me?batch=1&input=%7B%7D[39m
AggregateError [ECONNREFUSED]: 
    at internalConnectMultiple (node:net:1193:18)
    at afterConnectMultiple (node:net:1783:7)
[2m01:39:46[22m [31m[1m[vite][22m[39m [31mhttp proxy error: /api/trpc/auth.me?batch=1&input=%7B%7D[39m
AggregateError [ECONNREFUSED]: 
    at internalConnectMultiple (node:net:1193:18)
    at afterConnectMultiple (node:net:1783:7)
[2m01:39:49[22m [31m[1m[vite][22m[39m [31mhttp proxy error: /api/trpc/auth.me?batch=1&input=%7B%7D[39m
AggregateError [ECONNREFUSED]: 
    at internalConnectMultiple (node:net:1193:18)
    at afterConnectMultiple (node:net:1783:7)
[2m01:39:50[22m [31m[1m[vite][22m[39m [31mhttp proxy error: /api/trpc/auth.me?batch=1&input=%7B%7D[39m
AggregateError [ECONNREFUSED]: 
    at internalConnectMultiple (node:net:1193:18)
    at afterConnectMultiple (node:net:1783:7)
[2m01:39:54[22m [31m[1m[vite][22m[39m [31mhttp proxy error: /api/trpc/auth.me?batch=1&input=%7B%7D[39m
AggregateError [ECONNREFUSED]: 
    at internalConnectMultiple (node:net:1193:18)
    at afterConnectMultiple (node:net:1783:7)
[2m01:39:58[22m [31m[1m[vite][22m[39m [31mhttp proxy error: /api/trpc/auth.me?batch=1&input=%7B%7D[39m
AggregateError [ECONNREFUSED]: 
    at internalConnectMultiple (node:net:1193:18)
    at afterConnectMultiple (node:net:1783:7)
[2m01:40:03[22m [31m[1m[vite][22m[39m [31mhttp proxy error: /api/trpc/auth.me?batch=1&input=%7B%7D[39m
AggregateError [ECONNREFUSED]: 
    at internalConnectMultiple (node:net:1193:18)
    at afterConnectMultiple (node:net:1783:7)
[2m01:40:05[22m [31m[1m[vite][22m[39m [31mhttp proxy error: /api/trpc/auth.me?batch=1&input=%7B%7D[39m
AggregateError [ECONNREFUSED]: 
    at internalConnectMultiple (node:net:1193:18)
    at afterConnectMultiple (node:net:1783:7)
[2m01:40:05[22m [31m[1m[vite][22m[39m [31mhttp proxy error: /api/trpc/auth.me?batch=1&input=%7B%7D[39m
AggregateError [ECONNREFUSED]: 
    at internalConnectMultiple (node:net:1193:18)
    at afterConnectMultiple (node:net:1783:7)
[2m01:40:06[22m [31m[1m[vite][22m[39m [31mhttp proxy error: /api/trpc/auth.me?batch=1&input=%7B%7D[39m
AggregateError [ECONNREFUSED]: 
    at internalConnectMultiple (node:net:1193:18)
    at afterConnectMultiple (node:net:1783:7)
[2m01:40:06[22m [31m[1m[vite][22m[39m [31mhttp proxy error: /api/trpc/auth.me?batch=1&input=%7B%7D[39m
AggregateError [ECONNREFUSED]: 
    at internalConnectMultiple (node:net:1193:18)
    at afterConnectMultiple (node:net:1783:7)
[2m01:40:07[22m [31m[1m[vite][22m[39m [31mhttp proxy error: /api/trpc/auth.me?batch=1&input=%7B%7D[39m
AggregateError [ECONNREFUSED]: 
    at internalConnectMultiple (node:net:1193:18)
    at afterConnectMultiple (node:net:1783:7)
[2m01:40:08[22m [31m[1m[vite][22m[39m [31mhttp proxy error: /api/trpc/auth.me?batch=1&input=%7B%7D[39m
AggregateError [ECONNREFUSED]: 
    at internalConnectMultiple (node:net:1193:18)
    at afterConnectMultiple (node:net:1783:7)
[2m01:40:10[22m [31m[1m[vite][22m[39m [31mhttp proxy error: /api/trpc/auth.me?batch=1&input=%7B%7D[39m
AggregateError [ECONNREFUSED]: 
    at internalConnectMultiple (node:net:1193:18)
    at afterConnectMultiple (node:net:1783:7)
[2m01:40:12[22m [31m[1m[vite][22m[39m [31mhttp proxy error: /api/trpc/auth.me?batch=1&input=%7B%7D[39m
AggregateError [ECONNREFUSED]: 
    at internalConnectMultiple (node:net:1193:18)
    at afterConnectMultiple (node:net:1783:7)
[2m01:40:15[22m [31m[1m[vite][22m[39m [31mhttp proxy error: /api/trpc/auth.me?batch=1&input=%7B%7D[39m
AggregateError [ECONNREFUSED]: 
    at internalConnectMultiple (node:net:1193:18)
    at afterConnectMultiple (node:net:1783:7)
[2m01:40:20[22m [31m[1m[vite][22m[39m [31mhttp proxy error: /api/trpc/auth.me?batch=1&input=%7B%7D[39m
AggregateError [ECONNREFUSED]: 
    at internalConnectMultiple (node:net:1193:18)
    at afterConnectMultiple (node:net:1783:7)
[2m01:40:24[22m [31m[1m[vite][22m[39m [31mhttp proxy error: /api/trpc/auth.me?batch=1&input=%7B%7D[39m
AggregateError [ECONNREFUSED]: 
    at internalConnectMultiple (node:net:1193:18)
    at afterConnectMultiple (node:net:1783:7)
[2m01:40:36[22m [31m[1m[vite][22m[39m [31mhttp proxy error: /api/trpc/auth.me?batch=1&input=%7B%7D[39m
AggregateError [ECONNREFUSED]: 
    at internalConnectMultiple (node:net:1193:18)
    at afterConnectMultiple (node:net:1783:7)
[2m01:40:41[22m [31m[1m[vite][22m[39m [31mhttp proxy error: /api/trpc/auth.me?batch=1&input=%7B%7D[39m
AggregateError [ECONNREFUSED]: 
    at internalConnectMultiple (node:net:1193:18)
    at afterConnectMultiple (node:net:1783:7)
[2m01:40:55[22m [31m[1m[vite][22m[39m [31mhttp proxy error: /api/trpc/auth.me?batch=1&input=%7B%7D[39m
AggregateError [ECONNREFUSED]: 
    at internalConnectMultiple (node:net:1193:18)
    at afterConnectMultiple (node:net:1783:7)
[2m01:40:55[22m [31m[1m[vite][22m[39m [31mhttp proxy error: /api/trpc/auth.me?batch=1&input=%7B%7D[39m
AggregateError [ECONNREFUSED]: 
    at internalConnectMultiple (node:net:1193:18)
    at afterConnectMultiple (node:net:1783:7)
[2m01:40:55[22m [31m[1m[vite][22m[39m [31mhttp proxy error: /api/trpc/auth.me?batch=1&input=%7B%7D[39m
AggregateError [ECONNREFUSED]: 
    at internalConnectMultiple (node:net:1193:18)
    at afterConnectMultiple (node:net:1783:7)
[2m01:40:56[22m [31m[1m[vite][22m[39m [31mhttp proxy error: /api/trpc/auth.me?batch=1&input=%7B%7D[39m
AggregateError [ECONNREFUSED]: 
    at internalConnectMultiple (node:net:1193:18)
    at afterConnectMultiple (node:net:1783:7)
[2m01:40:57[22m [31m[1m[vite][22m[39m [31mhttp proxy error: /api/trpc/auth.me?batch=1&input=%7B%7D[39m
AggregateError [ECONNREFUSED]: 
    at internalConnectMultiple (node:net:1193:18)
    at afterConnectMultiple (node:net:1783:7)
[2m01:40:58[22m [31m[1m[vite][22m[39m [31mhttp proxy error: /api/trpc/auth.me?batch=1&input=%7B%7D[39m
AggregateError [ECONNREFUSED]: 
    at internalConnectMultiple (node:net:1193:18)
    at afterConnectMultiple (node:net:1783:7)
[2m01:41:00[22m [31m[1m[vite][22m[39m [31mhttp proxy error: /api/trpc/auth.me?batch=1&input=%7B%7D[39m
AggregateError [ECONNREFUSED]: 
    at internalConnectMultiple (node:net:1193:18)
    at afterConnectMultiple (node:net:1783:7)
[2m01:41:02[22m [31m[1m[vite][22m[39m [31mhttp proxy error: /api/trpc/auth.me?batch=1&input=%7B%7D[39m
AggregateError [ECONNREFUSED]: 
    at internalConnectMultiple (node:net:1193:18)
    at afterConnectMultiple (node:net:1783:7)
[2m01:41:05[22m [31m[1m[vite][22m[39m [31mhttp proxy error: /api/trpc/auth.me?batch=1&input=%7B%7D[39m
AggregateError [ECONNREFUSED]: 
    at internalConnectMultiple (node:net:1193:18)
    at afterConnectMultiple (node:net:1783:7)
[2m01:41:10[22m [31m[1m[vite][22m[39m [31mhttp proxy error: /api/trpc/auth.me?batch=1&input=%7B%7D[39m
AggregateError [ECONNREFUSED]: 
    at internalConnectMultiple (node:net:1193:18)
    at afterConnectMultiple (node:net:1783:7)
[2m01:41:14[22m [31m[1m[vite][22m[39m [31mhttp proxy error: /api/trpc/auth.me?batch=1&input=%7B%7D[39m
AggregateError [ECONNREFUSED]: 
    at internalConnectMultiple (node:net:1193:18)
    at afterConnectMultiple (node:net:1783:7)
[2m01:41:25[22m [31m[1m[vite][22m[39m [31mhttp proxy error: /api/trpc/auth.me?batch=1&input=%7B%7D[39m
AggregateError [ECONNREFUSED]: 
    at internalConnectMultiple (node:net:1193:18)
    at afterConnectMultiple (node:net:1783:7)
[2m01:41:25[22m [31m[1m[vite][22m[39m [31mhttp proxy error: /api/trpc/auth.me?batch=1&input=%7B%7D[39m
AggregateError [ECONNREFUSED]: 
    at internalConnectMultiple (node:net:1193:18)
    at afterConnectMultiple (node:net:1783:7)
[2m01:41:26[22m [31m[1m[vite][22m[39m [31mhttp proxy error: /api/trpc/auth.me?batch=1&input=%7B%7D[39m
AggregateError [ECONNREFUSED]: 
    at internalConnectMultiple (node:net:1193:18)
    at afterConnectMultiple (node:net:1783:7)
[2m01:41:26[22m [31m[1m[vite][22m[39m [31mhttp proxy error: /api/trpc/auth.me?batch=1&input=%7B%7D[39m
AggregateError [ECONNREFUSED]: 
    at internalConnectMultiple (node:net:1193:18)
    at afterConnectMultiple (node:net:1783:7)
[2m01:41:27[22m [31m[1m[vite][22m[39m [31mhttp proxy error: /api/trpc/auth.me?batch=1&input=%7B%7D[39m
AggregateError [ECONNREFUSED]: 
    at internalConnectMultiple (node:net:1193:18)
    at afterConnectMultiple (node:net:1783:7)
[2m01:41:28[22m [31m[1m[vite][22m[39m [31mhttp proxy error: /api/trpc/auth.me?batch=1&input=%7B%7D[39m
AggregateError [ECONNREFUSED]: 
    at internalConnectMultiple (node:net:1193:18)
    at afterConnectMultiple (node:net:1783:7)
[2m01:41:30[22m [31m[1m[vite][22m[39m [31mhttp proxy error: /api/trpc/auth.me?batch=1&input=%7B%7D[39m
AggregateError [ECONNREFUSED]: 
    at internalConnectMultiple (node:net:1193:18)
    at afterConnectMultiple (node:net:1783:7)
[2m01:41:32[22m [31m[1m[vite][22m[39m [31mhttp proxy error: /api/trpc/auth.me?batch=1&input=%7B%7D[39m
AggregateError [ECONNREFUSED]: 
    at internalConnectMultiple (node:net:1193:18)
    at afterConnectMultiple (node:net:1783:7)
[2m01:41:35[22m [31m[1m[vite][22m[39m [31mhttp proxy error: /api/trpc/auth.me?batch=1&input=%7B%7D[39m
AggregateError [ECONNREFUSED]: 
    at internalConnectMultiple (node:net:1193:18)
    at afterConnectMultiple (node:net:1783:7)
[2m01:41:36[22m [31m[1m[vite][22m[39m [31mhttp proxy error: /api/trpc/auth.me?batch=1&input=%7B%7D[39m
AggregateError [ECONNREFUSED]: 
    at internalConnectMultiple (node:net:1193:18)
    at afterConnectMultiple (node:net:1783:7)
[2m01:41:36[22m [31m[1m[vite][22m[39m [31mhttp proxy error: /api/trpc/auth.me?batch=1&input=%7B%7D[39m
AggregateError [ECONNREFUSED]: 
    at internalConnectMultiple (node:net:1193:18)
    at afterConnectMultiple (node:net:1783:7)
[2m01:41:37[22m [31m[1m[vite][22m[39m [31mhttp proxy error: /api/trpc/auth.me?batch=1&input=%7B%7D[39m
AggregateError [ECONNREFUSED]: 
    at internalConnectMultiple (node:net:1193:18)
    at afterConnectMultiple (node:net:1783:7)
[2m01:41:37[22m [31m[1m[vite][22m[39m [31mhttp proxy error: /api/trpc/auth.me?batch=1&input=%7B%7D[39m
AggregateError [ECONNREFUSED]: 
    at internalConnectMultiple (node:net:1193:18)
    at afterConnectMultiple (node:net:1783:7)
[2m01:41:38[22m [31m[1m[vite][22m[39m [31mhttp proxy error: /api/trpc/auth.me?batch=1&input=%7B%7D[39m
AggregateError [ECONNREFUSED]: 
    at internalConnectMultiple (node:net:1193:18)
    at afterConnectMultiple (node:net:1783:7)
[2m01:41:39[22m [31m[1m[vite][22m[39m [31mhttp proxy error: /api/trpc/auth.me?batch=1&input=%7B%7D[39m
AggregateError [ECONNREFUSED]: 
    at internalConnectMultiple (node:net:1193:18)
    at afterConnectMultiple (node:net:1783:7)
[2m01:41:41[22m [31m[1m[vite][22m[39m [31mhttp proxy error: /api/trpc/auth.me?batch=1&input=%7B%7D[39m
AggregateError [ECONNREFUSED]: 
    at internalConnectMultiple (node:net:1193:18)
    at afterConnectMultiple (node:net:1783:7)
[2m01:41:43[22m [31m[1m[vite][22m[39m [31mhttp proxy error: /api/trpc/auth.me?batch=1&input=%7B%7D[39m
AggregateError [ECONNREFUSED]: 
    at internalConnectMultiple (node:net:1193:18)
    at afterConnectMultiple (node:net:1783:7)
[2m01:41:46[22m [31m[1m[vite][22m[39m [31mhttp proxy error: /api/trpc/auth.me?batch=1&input=%7B%7D[39m
AggregateError [ECONNREFUSED]: 
    at internalConnectMultiple (node:net:1193:18)
    at afterConnectMultiple (node:net:1783:7)
[2m01:41:51[22m [31m[1m[vite][22m[39m [31mhttp proxy error: /api/trpc/auth.me?batch=1&input=%7B%7D[39m
AggregateError [ECONNREFUSED]: 
    at internalConnectMultiple (node:net:1193:18)
    at afterConnectMultiple (node:net:1783:7)
[2m01:41:55[22m [31m[1m[vite][22m[39m [31mhttp proxy error: /api/trpc/auth.me?batch=1&input=%7B%7D[39m
AggregateError [ECONNREFUSED]: 
    at internalConnectMultiple (node:net:1193:18)
    at afterConnectMultiple (node:net:1783:7)
[2m01:42:07[22m [31m[1m[vite][22m[39m [31mhttp proxy error: /api/trpc/auth.me?batch=1&input=%7B%7D[39m
AggregateError [ECONNREFUSED]: 
    at internalConnectMultiple (node:net:1193:18)
    at afterConnectMultiple (node:net:1783:7)
[2m01:42:10[22m [31m[1m[vite][22m[39m [31mhttp proxy error: /api/trpc/auth.me?batch=1&input=%7B%7D[39m
AggregateError [ECONNREFUSED]: 
    at internalConnectMultiple (node:net:1193:18)
    at afterConnectMultiple (node:net:1783:7)
[2m01:42:10[22m [31m[1m[vite][22m[39m [31mhttp proxy error: /api/trpc/auth.me?batch=1&input=%7B%7D[39m
AggregateError [ECONNREFUSED]: 
    at internalConnectMultiple (node:net:1193:18)
    at afterConnectMultiple (node:net:1783:7)
[2m01:42:10[22m [31m[1m[vite][22m[39m [31mhttp proxy error: /api/trpc/auth.me?batch=1&input=%7B%7D[39m
AggregateError [ECONNREFUSED]: 
    at internalConnectMultiple (node:net:1193:18)
    at afterConnectMultiple (node:net:1783:7)
[2m01:42:11[22m [31m[1m[vite][22m[39m [31mhttp proxy error: /api/trpc/auth.me?batch=1&input=%7B%7D[39m
AggregateError [ECONNREFUSED]: 
    at internalConnectMultiple (node:net:1193:18)
    at afterConnectMultiple (node:net:1783:7)
[2m01:42:12[22m [31m[1m[vite][22m[39m [31mhttp proxy error: /api/trpc/auth.me?batch=1&input=%7B%7D[39m
AggregateError [ECONNREFUSED]: 
    at internalConnectMultiple (node:net:1193:18)
    at afterConnectMultiple (node:net:1783:7)
[2m01:42:13[22m [31m[1m[vite][22m[39m [31mhttp proxy error: /api/trpc/auth.me?batch=1&input=%7B%7D[39m
AggregateError [ECONNREFUSED]: 
    at internalConnectMultiple (node:net:1193:18)
    at afterConnectMultiple (node:net:1783:7)
[2m01:42:15[22m [31m[1m[vite][22m[39m [31mhttp proxy error: /api/trpc/auth.me?batch=1&input=%7B%7D[39m
AggregateError [ECONNREFUSED]: 
    at internalConnectMultiple (node:net:1193:18)
    at afterConnectMultiple (node:net:1783:7)
[2m01:42:15[22m [31m[1m[vite][22m[39m [31mhttp proxy error: /api/trpc/auth.me?batch=1&input=%7B%7D[39m
AggregateError [ECONNREFUSED]: 
    at internalConnectMultiple (node:net:1193:18)
    at afterConnectMultiple (node:net:1783:7)
[2m01:42:15[22m [31m[1m[vite][22m[39m [31mhttp proxy error: /api/trpc/auth.me?batch=1&input=%7B%7D[39m
AggregateError [ECONNREFUSED]: 
    at internalConnectMultiple (node:net:1193:18)
    at afterConnectMultiple (node:net:1783:7)
[2m01:42:16[22m [31m[1m[vite][22m[39m [31mhttp proxy error: /api/trpc/auth.me?batch=1&input=%7B%7D[39m
AggregateError [ECONNREFUSED]: 
    at internalConnectMultiple (node:net:1193:18)
    at afterConnectMultiple (node:net:1783:7)
[2m01:42:17[22m [31m[1m[vite][22m[39m [31mhttp proxy error: /api/trpc/auth.me?batch=1&input=%7B%7D[39m
AggregateError [ECONNREFUSED]: 
    at internalConnectMultiple (node:net:1193:18)
    at afterConnectMultiple (node:net:1783:7)
[2m01:42:18[22m [31m[1m[vite][22m[39m [31mhttp proxy error: /api/trpc/auth.me?batch=1&input=%7B%7D[39m
AggregateError [ECONNREFUSED]: 
    at internalConnectMultiple (node:net:1193:18)
    at afterConnectMultiple (node:net:1783:7)
[2m01:42:20[22m [31m[1m[vite][22m[39m [31mhttp proxy error: /api/trpc/auth.me?batch=1&input=%7B%7D[39m
AggregateError [ECONNREFUSED]: 
    at internalConnectMultiple (node:net:1193:18)
    at afterConnectMultiple (node:net:1783:7)
[2m01:42:22[22m [31m[1m[vite][22m[39m [31mhttp proxy error: /api/trpc/auth.me?batch=1&input=%7B%7D[39m
AggregateError [ECONNREFUSED]: 
    at internalConnectMultiple (node:net:1193:18)
    at afterConnectMultiple (node:net:1783:7)
[2m01:42:25[22m [31m[1m[vite][22m[39m [31mhttp proxy error: /api/trpc/auth.me?batch=1&input=%7B%7D[39m
AggregateError [ECONNREFUSED]: 
    at internalConnectMultiple (node:net:1193:18)
    at afterConnectMultiple (node:net:1783:7)
[2m01:42:30[22m [31m[1m[vite][22m[39m [31mhttp proxy error: /api/trpc/auth.me?batch=1&input=%7B%7D[39m
AggregateError [ECONNREFUSED]: 
    at internalConnectMultiple (node:net:1193:18)
    at afterConnectMultiple (node:net:1783:7)
[2m01:42:34[22m [31m[1m[vite][22m[39m [31mhttp proxy error: /api/trpc/auth.me?batch=1&input=%7B%7D[39m
AggregateError [ECONNREFUSED]: 
    at internalConnectMultiple (node:net:1193:18)
    at afterConnectMultiple (node:net:1783:7)
[2m01:42:46[22m [31m[1m[vite][22m[39m [31mhttp proxy error: /api/trpc/auth.me?batch=1&input=%7B%7D[39m
AggregateError [ECONNREFUSED]: 
    at internalConnectMultiple (node:net:1193:18)
    at afterConnectMultiple (node:net:1783:7)
[2m01:42:51[22m [31m[1m[vite][22m[39m [31mhttp proxy error: /api/trpc/auth.me?batch=1&input=%7B%7D[39m
AggregateError [ECONNREFUSED]: 
    at internalConnectMultiple (node:net:1193:18)
    at afterConnectMultiple (node:net:1783:7)
[2m01:43:16[22m [31m[1m[vite][22m[39m [31mhttp proxy error: /api/trpc/auth.me?batch=1&input=%7B%7D[39m
AggregateError [ECONNREFUSED]: 
    at internalConnectMultiple (node:net:1193:18)
    at afterConnectMultiple (node:net:1783:7)
[2m01:43:22[22m [31m[1m[vite][22m[39m [31mhttp proxy error: /api/trpc/auth.me?batch=1&input=%7B%7D[39m
AggregateError [ECONNREFUSED]: 
    at internalConnectMultiple (node:net:1193:18)
    at afterConnectMultiple (node:net:1783:7)
[2m01:43:46[22m [31m[1m[vite][22m[39m [31mhttp proxy error: /api/trpc/auth.me?batch=1&input=%7B%7D[39m
AggregateError [ECONNREFUSED]: 
    at internalConnectMultiple (node:net:1193:18)
    at afterConnectMultiple (node:net:1783:7)
[2m01:43:53[22m [31m[1m[vite][22m[39m [31mhttp proxy error: /api/trpc/auth.me?batch=1&input=%7B%7D[39m
AggregateError [ECONNREFUSED]: 
    at internalConnectMultiple (node:net:1193:18)
    at afterConnectMultiple (node:net:1783:7)
[2m01:44:16[22m [31m[1m[vite][22m[39m [31mhttp proxy error: /api/trpc/auth.me?batch=1&input=%7B%7D[39m
AggregateError [ECONNREFUSED]: 
    at internalConnectMultiple (node:net:1193:18)
    at afterConnectMultiple (node:net:1783:7)
[2m01:44:24[22m [31m[1m[vite][22m[39m [31mhttp proxy error: /api/trpc/auth.me?batch=1&input=%7B%7D[39m
AggregateError [ECONNREFUSED]: 
    at internalConnectMultiple (node:net:1193:18)
    at afterConnectMultiple (node:net:1783:7)
[2m01:44:46[22m [31m[1m[vite][22m[39m [31mhttp proxy error: /api/trpc/auth.me?batch=1&input=%7B%7D[39m
AggregateError [ECONNREFUSED]: 
    at internalConnectMultiple (node:net:1193:18)
    at afterConnectMultiple (node:net:1783:7)
[2m01:44:55[22m [31m[1m[vite][22m[39m [31mhttp proxy error: /api/trpc/auth.me?batch=1&input=%7B%7D[39m
AggregateError [ECONNREFUSED]: 
    at internalConnectMultiple (node:net:1193:18)
    at afterConnectMultiple (node:net:1783:7)
[2m01:45:16[22m [31m[1m[vite][22m[39m [31mhttp proxy error: /api/trpc/auth.me?batch=1&input=%7B%7D[39m
AggregateError [ECONNREFUSED]: 
    at internalConnectMultiple (node:net:1193:18)
    at afterConnectMultiple (node:net:1783:7)
[2m01:45:26[22m [31m[1m[vite][22m[39m [31mhttp proxy error: /api/trpc/auth.me?batch=1&input=%7B%7D[39m
AggregateError [ECONNREFUSED]: 
    at internalConnectMultiple (node:net:1193:18)
    at afterConnectMultiple (node:net:1783:7)
[2m01:45:46[22m [31m[1m[vite][22m[39m [31mhttp proxy error: /api/trpc/auth.me?batch=1&input=%7B%7D[39m
AggregateError [ECONNREFUSED]: 
    at internalConnectMultiple (node:net:1193:18)
    at afterConnectMultiple (node:net:1783:7)
[2m01:45:57[22m [31m[1m[vite][22m[39m [31mhttp proxy error: /api/trpc/auth.me?batch=1&input=%7B%7D[39m
AggregateError [ECONNREFUSED]: 
    at internalConnectMultiple (node:net:1193:18)
    at afterConnectMultiple (node:net:1783:7)
[2m01:48:32[22m [31m[1m[vite][22m[39m [31mhttp proxy error: /api/trpc/auth.me?batch=1&input=%7B%7D[39m
AggregateError [ECONNREFUSED]: 
    at internalConnectMultiple (node:net:1193:18)
    at afterConnectMultiple (node:net:1783:7)
[2m01:48:33[22m [31m[1m[vite][22m[39m [31mhttp proxy error: /api/trpc/auth.me?batch=1&input=%7B%7D[39m
AggregateError [ECONNREFUSED]: 
    at internalConnectMultiple (node:net:1193:18)
    at afterConnectMultiple (node:net:1783:7)
[2m01:48:33[22m [31m[1m[vite][22m[39m [31mhttp proxy error: /api/trpc/auth.me?batch=1&input=%7B%7D[39m
AggregateError [ECONNREFUSED]: 
    at internalConnectMultiple (node:net:1193:18)
    at afterConnectMultiple (node:net:1783:7)
[2m01:48:33[22m [31m[1m[vite][22m[39m [31mhttp proxy error: /api/trpc/auth.me?batch=1&input=%7B%7D[39m
AggregateError [ECONNREFUSED]: 
    at internalConnectMultiple (node:net:1193:18)
    at afterConnectMultiple (node:net:1783:7)
[2m01:48:35[22m [31m[1m[vite][22m[39m [31mhttp proxy error: /api/trpc/auth.me?batch=1&input=%7B%7D[39m
AggregateError [ECONNREFUSED]: 
    at internalConnectMultiple (node:net:1193:18)
    at afterConnectMultiple (node:net:1783:7)
[2m01:48:35[22m [31m[1m[vite][22m[39m [31mhttp proxy error: /api/trpc/auth.me?batch=1&input=%7B%7D[39m
AggregateError [ECONNREFUSED]: 
    at internalConnectMultiple (node:net:1193:18)
    at afterConnectMultiple (node:net:1783:7)
[2m01:48:38[22m [31m[1m[vite][22m[39m [31mhttp proxy error: /api/trpc/auth.me?batch=1&input=%7B%7D[39m
AggregateError [ECONNREFUSED]: 
    at internalConnectMultiple (node:net:1193:18)
    at afterConnectMultiple (node:net:1783:7)
[2m01:48:39[22m [31m[1m[vite][22m[39m [31mhttp proxy error: /api/trpc/auth.me?batch=1&input=%7B%7D[39m
AggregateError [ECONNREFUSED]: 
    at internalConnectMultiple (node:net:1193:18)
    at afterConnectMultiple (node:net:1783:7)
[2m01:48:43[22m [31m[1m[vite][22m[39m [31mhttp proxy error: /api/trpc/auth.me?batch=1&input=%7B%7D[39m
AggregateError [ECONNREFUSED]: 
    at internalConnectMultiple (node:net:1193:18)
    at afterConnectMultiple (node:net:1783:7)
[2m01:48:47[22m [31m[1m[vite][22m[39m [31mhttp proxy error: /api/trpc/auth.me?batch=1&input=%7B%7D[39m
AggregateError [ECONNREFUSED]: 
    at internalConnectMultiple (node:net:1193:18)
    at afterConnectMultiple (node:net:1783:7)
[2m01:48:52[22m [31m[1m[vite][22m[39m [31mhttp proxy error: /api/trpc/auth.me?batch=1&input=%7B%7D[39m
AggregateError [ECONNREFUSED]: 
    at internalConnectMultiple (node:net:1193:18)
    at afterConnectMultiple (node:net:1783:7)
[2m01:49:03[22m [31m[1m[vite][22m[39m [31mhttp proxy error: /api/trpc/auth.me?batch=1&input=%7B%7D[39m
AggregateError [ECONNREFUSED]: 
    at internalConnectMultiple (node:net:1193:18)
    at afterConnectMultiple (node:net:1783:7)
[2m01:49:09[22m [31m[1m[vite][22m[39m [31mhttp proxy error: /api/trpc/auth.me?batch=1&input=%7B%7D[39m
AggregateError [ECONNREFUSED]: 
    at internalConnectMultiple (node:net:1193:18)
    at afterConnectMultiple (node:net:1783:7)
[2m01:49:33[22m [31m[1m[vite][22m[39m [31mhttp proxy error: /api/trpc/auth.me?batch=1&input=%7B%7D[39m
AggregateError [ECONNREFUSED]: 
    at internalConnectMultiple (node:net:1193:18)
    at afterConnectMultiple (node:net:1783:7)
[2m01:49:40[22m [31m[1m[vite][22m[39m [31mhttp proxy error: /api/trpc/auth.me?batch=1&input=%7B%7D[39m
AggregateError [ECONNREFUSED]: 
    at internalConnectMultiple (node:net:1193:18)
    at afterConnectMultiple (node:net:1783:7)
[2m01:50:03[22m [31m[1m[vite][22m[39m [31mhttp proxy error: /api/trpc/auth.me?batch=1&input=%7B%7D[39m
AggregateError [ECONNREFUSED]: 
    at internalConnectMultiple (node:net:1193:18)
    at afterConnectMultiple (node:net:1783:7)
[2m01:50:11[22m [31m[1m[vite][22m[39m [31mhttp proxy error: /api/trpc/auth.me?batch=1&input=%7B%7D[39m
AggregateError [ECONNREFUSED]: 
    at internalConnectMultiple (node:net:1193:18)
    at afterConnectMultiple (node:net:1783:7)
[2m01:50:33[22m [31m[1m[vite][22m[39m [31mhttp proxy error: /api/trpc/auth.me?batch=1&input=%7B%7D[39m
AggregateError [ECONNREFUSED]: 
    at internalConnectMultiple (node:net:1193:18)
    at afterConnectMultiple (node:net:1783:7)
[2m01:50:42[22m [31m[1m[vite][22m[39m [31mhttp proxy error: /api/trpc/auth.me?batch=1&input=%7B%7D[39m
AggregateError [ECONNREFUSED]: 
    at internalConnectMultiple (node:net:1193:18)
    at afterConnectMultiple (node:net:1783:7)
[2m01:51:03[22m [31m[1m[vite][22m[39m [31mhttp proxy error: /api/trpc/auth.me?batch=1&input=%7B%7D[39m
AggregateError [ECONNREFUSED]: 
    at internalConnectMultiple (node:net:1193:18)
    at afterConnectMultiple (node:net:1783:7)
[2m01:51:13[22m [31m[1m[vite][22m[39m [31mhttp proxy error: /api/trpc/auth.me?batch=1&input=%7B%7D[39m
AggregateError [ECONNREFUSED]: 
    at internalConnectMultiple (node:net:1193:18)
    at afterConnectMultiple (node:net:1783:7)
[2m01:51:33[22m [31m[1m[vite][22m[39m [31mhttp proxy error: /api/trpc/auth.me?batch=1&input=%7B%7D[39m
AggregateError [ECONNREFUSED]: 
    at internalConnectMultiple (node:net:1193:18)
    at afterConnectMultiple (node:net:1783:7)
[2m01:51:44[22m [31m[1m[vite][22m[39m [31mhttp proxy error: /api/trpc/auth.me?batch=1&input=%7B%7D[39m
AggregateError [ECONNREFUSED]: 
    at internalConnectMultiple (node:net:1193:18)
    at afterConnectMultiple (node:net:1783:7)
[2m01:52:03[22m [31m[1m[vite][22m[39m [31mhttp proxy error: /api/trpc/auth.me?batch=1&input=%7B%7D[39m
AggregateError [ECONNREFUSED]: 
    at internalConnectMultiple (node:net:1193:18)
    at afterConnectMultiple (node:net:1783:7)
[2m01:52:15[22m [31m[1m[vite][22m[39m [31mhttp proxy error: /api/trpc/auth.me?batch=1&input=%7B%7D[39m
AggregateError [ECONNREFUSED]: 
    at internalConnectMultiple (node:net:1193:18)
    at afterConnectMultiple (node:net:1783:7)
[2m01:52:33[22m [31m[1m[vite][22m[39m [31mhttp proxy error: /api/trpc/auth.me?batch=1&input=%7B%7D[39m
AggregateError [ECONNREFUSED]: 
    at internalConnectMultiple (node:net:1193:18)
    at afterConnectMultiple (node:net:1783:7)
[2m01:52:46[22m [31m[1m[vite][22m[39m [31mhttp proxy error: /api/trpc/auth.me?batch=1&input=%7B%7D[39m
AggregateError [ECONNREFUSED]: 
    at internalConnectMultiple (node:net:1193:18)
    at afterConnectMultiple (node:net:1783:7)
[2m01:53:03[22m [31m[1m[vite][22m[39m [31mhttp proxy error: /api/trpc/auth.me?batch=1&input=%7B%7D[39m
AggregateError [ECONNREFUSED]: 
    at internalConnectMultiple (node:net:1193:18)
    at afterConnectMultiple (node:net:1783:7)
[2m01:53:17[22m [31m[1m[vite][22m[39m [31mhttp proxy error: /api/trpc/auth.me?batch=1&input=%7B%7D[39m
AggregateError [ECONNREFUSED]: 
    at internalConnectMultiple (node:net:1193:18)
    at afterConnectMultiple (node:net:1783:7)
[2m01:53:33[22m [31m[1m[vite][22m[39m [31mhttp proxy error: /api/trpc/auth.me?batch=1&input=%7B%7D[39m
AggregateError [ECONNREFUSED]: 
    at internalConnectMultiple (node:net:1193:18)
    at afterConnectMultiple (node:net:1783:7)
[2m01:53:48[22m [31m[1m[vite][22m[39m [31mhttp proxy error: /api/trpc/auth.me?batch=1&input=%7B%7D[39m
AggregateError [ECONNREFUSED]: 
    at internalConnectMultiple (node:net:1193:18)
    at afterConnectMultiple (node:net:1783:7)
[2m01:54:03[22m [31m[1m[vite][22m[39m [31mhttp proxy error: /api/trpc/auth.me?batch=1&input=%7B%7D[39m
AggregateError [ECONNREFUSED]: 
    at internalConnectMultiple (node:net:1193:18)
    at afterConnectMultiple (node:net:1783:7)
[2m01:54:19[22m [31m[1m[vite][22m[39m [31mhttp proxy error: /api/trpc/auth.me?batch=1&input=%7B%7D[39m
AggregateError [ECONNREFUSED]: 
    at internalConnectMultiple (node:net:1193:18)
    at afterConnectMultiple (node:net:1783:7)
[2m01:54:33[22m [31m[1m[vite][22m[39m [31mhttp proxy error: /api/trpc/auth.me?batch=1&input=%7B%7D[39m
AggregateError [ECONNREFUSED]: 
    at internalConnectMultiple (node:net:1193:18)
    at afterConnectMultiple (node:net:1783:7)
[2m01:54:50[22m [31m[1m[vite][22m[39m [31mhttp proxy error: /api/trpc/auth.me?batch=1&input=%7B%7D[39m
AggregateError [ECONNREFUSED]: 
    at internalConnectMultiple (node:net:1193:18)
    at afterConnectMultiple (node:net:1783:7)
[2m01:55:03[22m [31m[1m[vite][22m[39m [31mhttp proxy error: /api/trpc/auth.me?batch=1&input=%7B%7D[39m
AggregateError [ECONNREFUSED]: 
    at internalConnectMultiple (node:net:1193:18)
    at afterConnectMultiple (node:net:1783:7)
[2m01:55:21[22m [31m[1m[vite][22m[39m [31mhttp proxy error: /api/trpc/auth.me?batch=1&input=%7B%7D[39m
AggregateError [ECONNREFUSED]: 
    at internalConnectMultiple (node:net:1193:18)
    at afterConnectMultiple (node:net:1783:7)
[2m01:55:33[22m [31m[1m[vite][22m[39m [31mhttp proxy error: /api/trpc/auth.me?batch=1&input=%7B%7D[39m
AggregateError [ECONNREFUSED]: 
    at internalConnectMultiple (node:net:1193:18)
    at afterConnectMultiple (node:net:1783:7)
[2m01:55:52[22m [31m[1m[vite][22m[39m [31mhttp proxy error: /api/trpc/auth.me?batch=1&input=%7B%7D[39m
AggregateError [ECONNREFUSED]: 
    at internalConnectMultiple (node:net:1193:18)
    at afterConnectMultiple (node:net:1783:7)
[2m01:56:03[22m [31m[1m[vite][22m[39m [31mhttp proxy error: /api/trpc/auth.me?batch=1&input=%7B%7D[39m
AggregateError [ECONNREFUSED]: 
    at internalConnectMultiple (node:net:1193:18)
    at afterConnectMultiple (node:net:1783:7)
[2m01:56:23[22m [31m[1m[vite][22m[39m [31mhttp proxy error: /api/trpc/auth.me?batch=1&input=%7B%7D[39m
AggregateError [ECONNREFUSED]: 
    at internalConnectMultiple (node:net:1193:18)
    at afterConnectMultiple (node:net:1783:7)
[2m01:56:33[22m [31m[1m[vite][22m[39m [31mhttp proxy error: /api/trpc/auth.me?batch=1&input=%7B%7D[39m
AggregateError [ECONNREFUSED]: 
    at internalConnectMultiple (node:net:1193:18)
    at afterConnectMultiple (node:net:1783:7)
[2m01:56:54[22m [31m[1m[vite][22m[39m [31mhttp proxy error: /api/trpc/auth.me?batch=1&input=%7B%7D[39m
AggregateError [ECONNREFUSED]: 
    at internalConnectMultiple (node:net:1193:18)
    at afterConnectMultiple (node:net:1783:7)
[2m01:57:03[22m [31m[1m[vite][22m[39m [31mhttp proxy error: /api/trpc/auth.me?batch=1&input=%7B%7D[39m
AggregateError [ECONNREFUSED]: 
    at internalConnectMultiple (node:net:1193:18)
    at afterConnectMultiple (node:net:1783:7)
[2m01:57:25[22m [31m[1m[vite][22m[39m [31mhttp proxy error: /api/trpc/auth.me?batch=1&input=%7B%7D[39m
AggregateError [ECONNREFUSED]: 
    at internalConnectMultiple (node:net:1193:18)
    at afterConnectMultiple (node:net:1783:7)
[2m01:57:33[22m [31m[1m[vite][22m[39m [31mhttp proxy error: /api/trpc/auth.me?batch=1&input=%7B%7D[39m
AggregateError [ECONNREFUSED]: 
    at internalConnectMultiple (node:net:1193:18)
    at afterConnectMultiple (node:net:1783:7)
[2m01:57:56[22m [31m[1m[vite][22m[39m [31mhttp proxy error: /api/trpc/auth.me?batch=1&input=%7B%7D[39m
AggregateError [ECONNREFUSED]: 
    at internalConnectMultiple (node:net:1193:18)
    at afterConnectMultiple (node:net:1783:7)
[2m01:58:03[22m [31m[1m[vite][22m[39m [31mhttp proxy error: /api/trpc/auth.me?batch=1&input=%7B%7D[39m
AggregateError [ECONNREFUSED]: 
    at internalConnectMultiple (node:net:1193:18)
    at afterConnectMultiple (node:net:1783:7)
[2m01:58:27[22m [31m[1m[vite][22m[39m [31mhttp proxy error: /api/trpc/auth.me?batch=1&input=%7B%7D[39m
AggregateError [ECONNREFUSED]: 
    at internalConnectMultiple (node:net:1193:18)
    at afterConnectMultiple (node:net:1783:7)
[2m01:58:33[22m [31m[1m[vite][22m[39m [31mhttp proxy error: /api/trpc/auth.me?batch=1&input=%7B%7D[39m
AggregateError [ECONNREFUSED]: 
    at internalConnectMultiple (node:net:1193:18)
    at afterConnectMultiple (node:net:1783:7)
[2m01:58:58[22m [31m[1m[vite][22m[39m [31mhttp proxy error: /api/trpc/auth.me?batch=1&input=%7B%7D[39m
AggregateError [ECONNREFUSED]: 
    at internalConnectMultiple (node:net:1193:18)
    at afterConnectMultiple (node:net:1783:7)
[2m01:59:03[22m [31m[1m[vite][22m[39m [31mhttp proxy error: /api/trpc/auth.me?batch=1&input=%7B%7D[39m
AggregateError [ECONNREFUSED]: 
    at internalConnectMultiple (node:net:1193:18)
    at afterConnectMultiple (node:net:1783:7)
[2m01:59:29[22m [31m[1m[vite][22m[39m [31mhttp proxy error: /api/trpc/auth.me?batch=1&input=%7B%7D[39m
AggregateError [ECONNREFUSED]: 
    at internalConnectMultiple (node:net:1193:18)
    at afterConnectMultiple (node:net:1783:7)
[2m01:59:33[22m [31m[1m[vite][22m[39m [31mhttp proxy error: /api/trpc/auth.me?batch=1&input=%7B%7D[39m
AggregateError [ECONNREFUSED]: 
    at internalConnectMultiple (node:net:1193:18)
    at afterConnectMultiple (node:net:1783:7)
[2m02:00:00[22m [31m[1m[vite][22m[39m [31mhttp proxy error: /api/trpc/auth.me?batch=1&input=%7B%7D[39m
AggregateError [ECONNREFUSED]: 
    at internalConnectMultiple (node:net:1193:18)
    at afterConnectMultiple (node:net:1783:7)
[2m02:00:03[22m [31m[1m[vite][22m[39m [31mhttp proxy error: /api/trpc/auth.me?batch=1&input=%7B%7D[39m
AggregateError [ECONNREFUSED]: 
    at internalConnectMultiple (node:net:1193:18)
    at afterConnectMultiple (node:net:1783:7)
[2m02:00:31[22m [31m[1m[vite][22m[39m [31mhttp proxy error: /api/trpc/auth.me?batch=1&input=%7B%7D[39m
AggregateError [ECONNREFUSED]: 
    at internalConnectMultiple (node:net:1193:18)
    at afterConnectMultiple (node:net:1783:7)
[2m02:00:33[22m [31m[1m[vite][22m[39m [31mhttp proxy error: /api/trpc/auth.me?batch=1&input=%7B%7D[39m
AggregateError [ECONNREFUSED]: 
    at internalConnectMultiple (node:net:1193:18)
    at afterConnectMultiple (node:net:1783:7)
[2m02:01:02[22m [31m[1m[vite][22m[39m [31mhttp proxy error: /api/trpc/auth.me?batch=1&input=%7B%7D[39m
AggregateError [ECONNREFUSED]: 
    at internalConnectMultiple (node:net:1193:18)
    at afterConnectMultiple (node:net:1783:7)
[2m02:01:03[22m [31m[1m[vite][22m[39m [31mhttp proxy error: /api/trpc/auth.me?batch=1&input=%7B%7D[39m
AggregateError [ECONNREFUSED]: 
    at internalConnectMultiple (node:net:1193:18)
    at afterConnectMultiple (node:net:1783:7)
[2m02:01:33[22m [31m[1m[vite][22m[39m [31mhttp proxy error: /api/trpc/auth.me?batch=1&input=%7B%7D[39m
AggregateError [ECONNREFUSED]: 
    at internalConnectMultiple (node:net:1193:18)
    at afterConnectMultiple (node:net:1783:7)
[2m02:01:33[22m [31m[1m[vite][22m[39m [31mhttp proxy error: /api/trpc/auth.me?batch=1&input=%7B%7D[39m
AggregateError [ECONNREFUSED]: 
    at internalConnectMultiple (node:net:1193:18)
    at afterConnectMultiple (node:net:1783:7)
[2m02:02:03[22m [31m[1m[vite][22m[39m [31mhttp proxy error: /api/trpc/auth.me?batch=1&input=%7B%7D[39m
AggregateError [ECONNREFUSED]: 
    at internalConnectMultiple (node:net:1193:18)
    at afterConnectMultiple (node:net:1783:7)
[2m02:02:04[22m [31m[1m[vite][22m[39m [31mhttp proxy error: /api/trpc/auth.me?batch=1&input=%7B%7D[39m
AggregateError [ECONNREFUSED]: 
    at internalConnectMultiple (node:net:1193:18)
    at afterConnectMultiple (node:net:1783:7)
[2m02:02:33[22m [31m[1m[vite][22m[39m [31mhttp proxy error: /api/trpc/auth.me?batch=1&input=%7B%7D[39m
AggregateError [ECONNREFUSED]: 
    at internalConnectMultiple (node:net:1193:18)
    at afterConnectMultiple (node:net:1783:7)
[2m02:02:35[22m [31m[1m[vite][22m[39m [31mhttp proxy error: /api/trpc/auth.me?batch=1&input=%7B%7D[39m
AggregateError [ECONNREFUSED]: 
    at internalConnectMultiple (node:net:1193:18)
    at afterConnectMultiple (node:net:1783:7)
[2m02:03:03[22m [31m[1m[vite][22m[39m [31mhttp proxy error: /api/trpc/auth.me?batch=1&input=%7B%7D[39m
AggregateError [ECONNREFUSED]: 
    at internalConnectMultiple (node:net:1193:18)
    at afterConnectMultiple (node:net:1783:7)
[2m02:03:06[22m [31m[1m[vite][22m[39m [31mhttp proxy error: /api/trpc/auth.me?batch=1&input=%7B%7D[39m
AggregateError [ECONNREFUSED]: 
    at internalConnectMultiple (node:net:1193:18)
    at afterConnectMultiple (node:net:1783:7)
[2m02:03:34[22m [31m[1m[vite][22m[39m [31mhttp proxy error: /api/trpc/auth.me?batch=1&input=%7B%7D[39m
AggregateError [ECONNREFUSED]: 
    at internalConnectMultiple (node:net:1193:18)
    at afterConnectMultiple (node:net:1783:7)
[2m02:03:37[22m [31m[1m[vite][22m[39m [31mhttp proxy error: /api/trpc/auth.me?batch=1&input=%7B%7D[39m
AggregateError [ECONNREFUSED]: 
    at internalConnectMultiple (node:net:1193:18)
    at afterConnectMultiple (node:net:1783:7)
[2m02:04:04[22m [31m[1m[vite][22m[39m [31mhttp proxy error: /api/trpc/auth.me?batch=1&input=%7B%7D[39m
AggregateError [ECONNREFUSED]: 
    at internalConnectMultiple (node:net:1193:18)
    at afterConnectMultiple (node:net:1783:7)
[2m02:04:08[22m [31m[1m[vite][22m[39m [31mhttp proxy error: /api/trpc/auth.me?batch=1&input=%7B%7D[39m
AggregateError [ECONNREFUSED]: 
    at internalConnectMultiple (node:net:1193:18)
    at afterConnectMultiple (node:net:1783:7)
[2m02:04:34[22m [31m[1m[vite][22m[39m [31mhttp proxy error: /api/trpc/auth.me?batch=1&input=%7B%7D[39m
AggregateError [ECONNREFUSED]: 
    at internalConnectMultiple (node:net:1193:18)
    at afterConnectMultiple (node:net:1783:7)
[2m02:04:39[22m [31m[1m[vite][22m[39m [31mhttp proxy error: /api/trpc/auth.me?batch=1&input=%7B%7D[39m
AggregateError [ECONNREFUSED]: 
    at internalConnectMultiple (node:net:1193:18)
    at afterConnectMultiple (node:net:1783:7)
[2m02:05:04[22m [31m[1m[vite][22m[39m [31mhttp proxy error: /api/trpc/auth.me?batch=1&input=%7B%7D[39m
AggregateError [ECONNREFUSED]: 
    at internalConnectMultiple (node:net:1193:18)
    at afterConnectMultiple (node:net:1783:7)
[2m02:05:10[22m [31m[1m[vite][22m[39m [31mhttp proxy error: /api/trpc/auth.me?batch=1&input=%7B%7D[39m
AggregateError [ECONNREFUSED]: 
    at internalConnectMultiple (node:net:1193:18)
    at afterConnectMultiple (node:net:1783:7)
[2m02:05:34[22m [31m[1m[vite][22m[39m [31mhttp proxy error: /api/trpc/auth.me?batch=1&input=%7B%7D[39m
AggregateError [ECONNREFUSED]: 
    at internalConnectMultiple (node:net:1193:18)
    at afterConnectMultiple (node:net:1783:7)
[2m02:05:41[22m [31m[1m[vite][22m[39m [31mhttp proxy error: /api/trpc/auth.me?batch=1&input=%7B%7D[39m
AggregateError [ECONNREFUSED]: 
    at internalConnectMultiple (node:net:1193:18)
    at afterConnectMultiple (node:net:1783:7)
[2m02:06:04[22m [31m[1m[vite][22m[39m [31mhttp proxy error: /api/trpc/auth.me?batch=1&input=%7B%7D[39m
AggregateError [ECONNREFUSED]: 
    at internalConnectMultiple (node:net:1193:18)
    at afterConnectMultiple (node:net:1783:7)
